Archive member included because of file (symbol)

c:/program files (x86)/microchip/xc32/v1.34/bin/bin/../../lib/gcc/pic32mx/4.5.2\libgcc.a(_floatdisf.o)
                              build/default/debug/sources/communication.o (__floatdisf)
c:/program files (x86)/microchip/xc32/v1.34/bin/bin/../../lib/gcc/pic32mx/4.5.2\libgcc.a(floatunsisf.o)
                              build/default/debug/sources/servomotor.o (__floatunsisf)
c:/program files (x86)/microchip/xc32/v1.34/bin/bin/../../lib/gcc/pic32mx/4.5.2/../../../../pic32mx/lib\libpic32.a(default-bootstrap-exception-handler.o)
                              c:/program files (x86)/microchip/xc32/v1.34/bin/bin/../../lib/gcc/pic32mx/4.5.2/../../../../pic32mx/lib/./proc/32MX340F512H/crt0_mips32r2.o (_bootstrap_exception_handler)
c:/program files (x86)/microchip/xc32/v1.34/bin/bin/../../lib/gcc/pic32mx/4.5.2/../../../../pic32mx/lib\libpic32.a(default-on-reset.o)
                              c:/program files (x86)/microchip/xc32/v1.34/bin/bin/../../lib/gcc/pic32mx/4.5.2/../../../../pic32mx/lib/./proc/32MX340F512H/crt0_mips32r2.o (_on_reset)
c:/program files (x86)/microchip/xc32/v1.34/bin/bin/../../lib/gcc/pic32mx/4.5.2/../../../../pic32mx/lib\libpic32.a(default-on-bootstrap.o)
                              c:/program files (x86)/microchip/xc32/v1.34/bin/bin/../../lib/gcc/pic32mx/4.5.2/../../../../pic32mx/lib/./proc/32MX340F512H/crt0_mips32r2.o (_on_bootstrap)
c:/program files (x86)/microchip/xc32/v1.34/bin/bin/../../lib/gcc/pic32mx/4.5.2/../../../../pic32mx/lib\libpic32.a(default-nmi-handler.o)
                              c:/program files (x86)/microchip/xc32/v1.34/bin/bin/../../lib/gcc/pic32mx/4.5.2/../../../../pic32mx/lib/./proc/32MX340F512H/crt0_mips32r2.o (_nmi_handler)
c:/program files (x86)/microchip/xc32/v1.34/bin/bin/../../lib/gcc/pic32mx/4.5.2/../../../../pic32mx/lib\libpic32.a(general-exception.o)
                              c:/program files (x86)/microchip/xc32/v1.34/bin/bin/../../lib/gcc/pic32mx/4.5.2/../../../../pic32mx/lib/./proc/32MX340F512H/crt0_mips32r2.o (_general_exception_context)
c:/program files (x86)/microchip/xc32/v1.34/bin/bin/../../lib/gcc/pic32mx/4.5.2/../../../../pic32mx/lib\libpic32.a(vector0.o)
                              c:/program files (x86)/microchip/xc32/v1.34/bin/bin/../../lib/gcc/pic32mx/4.5.2/../../../../pic32mx/lib/./proc/32MX340F512H\default_isr_vectors.o (__vector_dispatch_0)
c:/program files (x86)/microchip/xc32/v1.34/bin/bin/../../lib/gcc/pic32mx/4.5.2/../../../../pic32mx/lib\libpic32.a(vector1.o)
                              c:/program files (x86)/microchip/xc32/v1.34/bin/bin/../../lib/gcc/pic32mx/4.5.2/../../../../pic32mx/lib/./proc/32MX340F512H\default_isr_vectors.o (__vector_dispatch_1)
c:/program files (x86)/microchip/xc32/v1.34/bin/bin/../../lib/gcc/pic32mx/4.5.2/../../../../pic32mx/lib\libpic32.a(vector2.o)
                              c:/program files (x86)/microchip/xc32/v1.34/bin/bin/../../lib/gcc/pic32mx/4.5.2/../../../../pic32mx/lib/./proc/32MX340F512H\default_isr_vectors.o (__vector_dispatch_2)
c:/program files (x86)/microchip/xc32/v1.34/bin/bin/../../lib/gcc/pic32mx/4.5.2/../../../../pic32mx/lib\libpic32.a(vector3.o)
                              c:/program files (x86)/microchip/xc32/v1.34/bin/bin/../../lib/gcc/pic32mx/4.5.2/../../../../pic32mx/lib/./proc/32MX340F512H\default_isr_vectors.o (__vector_dispatch_3)
c:/program files (x86)/microchip/xc32/v1.34/bin/bin/../../lib/gcc/pic32mx/4.5.2/../../../../pic32mx/lib\libpic32.a(vector4.o)
                              c:/program files (x86)/microchip/xc32/v1.34/bin/bin/../../lib/gcc/pic32mx/4.5.2/../../../../pic32mx/lib/./proc/32MX340F512H\default_isr_vectors.o (__vector_dispatch_4)
c:/program files (x86)/microchip/xc32/v1.34/bin/bin/../../lib/gcc/pic32mx/4.5.2/../../../../pic32mx/lib\libpic32.a(vector5.o)
                              c:/program files (x86)/microchip/xc32/v1.34/bin/bin/../../lib/gcc/pic32mx/4.5.2/../../../../pic32mx/lib/./proc/32MX340F512H\default_isr_vectors.o (__vector_dispatch_5)
c:/program files (x86)/microchip/xc32/v1.34/bin/bin/../../lib/gcc/pic32mx/4.5.2/../../../../pic32mx/lib\libpic32.a(vector6.o)
                              c:/program files (x86)/microchip/xc32/v1.34/bin/bin/../../lib/gcc/pic32mx/4.5.2/../../../../pic32mx/lib/./proc/32MX340F512H\default_isr_vectors.o (__vector_dispatch_6)
c:/program files (x86)/microchip/xc32/v1.34/bin/bin/../../lib/gcc/pic32mx/4.5.2/../../../../pic32mx/lib\libpic32.a(vector7.o)
                              c:/program files (x86)/microchip/xc32/v1.34/bin/bin/../../lib/gcc/pic32mx/4.5.2/../../../../pic32mx/lib/./proc/32MX340F512H\default_isr_vectors.o (__vector_dispatch_7)
c:/program files (x86)/microchip/xc32/v1.34/bin/bin/../../lib/gcc/pic32mx/4.5.2/../../../../pic32mx/lib\libpic32.a(vector8.o)
[...]
Memory Configuration

Name             Origin             Length             Attributes
kseg0_data_mem   0x80000000         0x00000200
kseg1_data_mem   0xa0000000         0x00008000         w !x
kseg0_boot_mem   0x9fc00490         0x00000970
kseg1_boot_mem   0xbfc00000         0x00000490
kseg0_program_mem 0x9d000000         0x00080000         xr
exception_mem    0x9fc01000         0x00001000
debug_exec_mem   0xbfc02000         0x00000ff0
config3          0xbfc02ff0         0x00000004
config2          0xbfc02ff4         0x00000004
config1          0xbfc02ff8         0x00000004
config0          0xbfc02ffc         0x00000004
sfrs             0xbf800000         0x00100000
configsfrs       0xbfc02ff0         0x00000010
*default*        0x00000000         0xffffffff

Linker script and memory map


reserve_data_0_kseg0
                0x80000000      0x200
                0x80000000        0x2 SHORT 0x0
                0x000001fd                . = 0x1fd
 *fill*         0x80000002      0x1fb 
                0x80000200                . = ALIGN (0x4)
 *fill*         0x800001fd        0x3 

reserve_data_0_kseg1
                0xa0000000      0x200
                0xa0000000        0x2 SHORT 0x0
                0x000001fd                . = 0x1fd
 *fill*         0xa0000002      0x1fb 
                0xa0000200                . = ALIGN (0x4)
 *fill*         0xa00001fd        0x3 

reserve_boot_0x1fc02000_kseg0
                0x9fc02000      0xff0
                0x9fc02000        0x2 SHORT 0x0
                0x00000500                . = 0x500
 *fill*         0x9fc02002      0x4fe 
                0x9fc02500                . = ALIGN (0x4)
                0x9fc02500        0x2 SHORT 0x0
                0x00000ff0                . = 0xff0
 *fill*         0x9fc02502      0xaee 
                0x9fc02ff0                . = ALIGN (0x4)

reserve_boot_0x1fc02000_kseg1
                0xbfc02000      0xff0
                0xbfc02000        0x2 SHORT 0x0
                0x00000500                . = 0x500
 *fill*         0xbfc02002      0x4fe 
                0xbfc02500                . = ALIGN (0x4)
                0xbfc02500        0x2 SHORT 0x0
                0x00000ff0                . = 0xff0
 *fill*         0xbfc02502      0xaee 
                0xbfc02ff0                . = ALIGN (0x4)
LOAD c:/program files (x86)/microchip/xc32/v1.34/bin/bin/../../lib/gcc/pic32mx/4.5.2/../../../../pic32mx/lib/./proc/32MX340F512H/crt0_mips32r2.o
LOAD c:/program files (x86)/microchip/xc32/v1.34/bin/bin/../../lib/gcc/pic32mx/4.5.2/../../../../pic32mx/lib\software-debug-break.o
LOAD build/default/debug/sources/communication.o
LOAD build/default/debug/sources/configBits.o
LOAD build/default/debug/sources/delay.o
LOAD build/default/debug/sources/i2c.o
LOAD build/default/debug/sources/lib.o
LOAD build/default/debug/sources/main.o
LOAD build/default/debug/sources/servomotor.o
LOAD build/default/debug/sources/spi.o
LOAD build/default/debug/sources/uart.o
LOAD build/default/debug/sources/utils.o
LOAD build/default/debug/sources/flashmemory.o
LOAD build/default/debug/sources/mag.o
LOAD build/default/debug/sources/gps.o
LOAD build/default/debug/sources/move.o
                0x00000001                __MPLAB_BUILD = 0x1
                0x00000001                __MPLAB_DEBUG = 0x1
                0x00000001                __DEBUG = 0x1
                0x00000001                __MPLAB_DEBUGGER_ICD3 = 0x1
LOAD c:/program files (x86)/microchip/xc32/v1.34/bin/bin/../../lib/gcc/pic32mx/4.5.2/../../../../pic32mx/lib/./proc/32MX340F512H\default_isr_vectors.o
LOAD c:/program files (x86)/microchip/xc32/v1.34/bin/bin/../../lib/gcc/pic32mx/4.5.2/../../../../pic32mx/lib\pic32_software_reset.o
                0x00000400                PROVIDE (_min_stack_size, 0x400)
LOAD c:/program files (x86)/microchip/xc32/v1.34/bin/bin/../../lib/gcc/pic32mx/4.5.2/../../../../pic32mx/lib/./proc/32MX340F512H\processor.o
START GROUP
LOAD c:/program files (x86)/microchip/xc32/v1.34/bin/bin/../../lib/gcc/pic32mx/4.5.2/../../../../pic32mx/lib\libmchp_peripheral.a
END GROUP
START GROUP
LOAD c:/program files (x86)/microchip/xc32/v1.34/bin/bin/../../lib/gcc/pic32mx/4.5.2/../../../../pic32mx/lib\libmchp_peripheral_32MX340F512H.a
END GROUP
                0x00000001                PROVIDE (_vector_spacing, 0x1)
                0x9fc01000                _ebase_address = 0x9fc01000
                0xbfc00000                _RESET_ADDR = 0xbfc00000
                0xbfc00380                _BEV_EXCPT_ADDR = 0xbfc00380
                0xbfc00480                _DBG_EXCPT_ADDR = 0xbfc00480
                0xbfc02000                _DBG_CODE_ADDR = 0xbfc02000
                0x00000ff0                _DBG_CODE_SIZE = 0xff0
                0x9fc01180                _GEN_EXCPT_ADDR = (_ebase_address + 0x180)

.config_BFC02FF0
 *(.config_BFC02FF0)

.config_BFC02FF4
                0xbfc02ff4        0x4
 *(.config_BFC02FF4)
 .config_BFC02FF4
                0xbfc02ff4        0x4 build/default/debug/sources/configBits.o

.config_BFC02FF8
                0xbfc02ff8        0x4
 *(.config_BFC02FF8)
 .config_BFC02FF8
                0xbfc02ff8        0x4 build/default/debug/sources/configBits.o

.config_BFC02FFC
 *(.config_BFC02FFC)
                0xbfc02000                PROVIDE (_DBG_CODE_ADDR, 0xbfc02000)
                0x00000ff0                PROVIDE (_DBG_CODE_SIZE, 0xff0)

.reset          0xbfc00000      0x1f0
 *(.reset)
 .reset         0xbfc00000        0x8 c:/program files (x86)/microchip/xc32/v1.34/bin/bin/../../lib/gcc/pic32mx/4.5.2/../../../../pic32mx/lib/./proc/32MX340F512H/crt0_mips32r2.o
                0xbfc00000                _reset
 *(.reset.startup)
 .reset.startup
                0xbfc00008      0x1e8 c:/program files (x86)/microchip/xc32/v1.34/bin/bin/../../lib/gcc/pic32mx/4.5.2/../../../../pic32mx/lib/./proc/32MX340F512H/crt0_mips32r2.o

.bev_excpt      0xbfc00380       0x10
 *(.bev_handler)
 .bev_handler   0xbfc00380       0x10 c:/program files (x86)/microchip/xc32/v1.34/bin/bin/../../lib/gcc/pic32mx/4.5.2/../../../../pic32mx/lib/./proc/32MX340F512H/crt0_mips32r2.o

.dbg_excpt      0xbfc00480        0x0
                0xbfc00480                . = (. + DEFINED (_DEBUGGER)?0x8:0x0)

.dbg_code       0xbfc02000        0x0
                0xbfc02000                . = (. + DEFINED (_DEBUGGER)?_DBG_CODE_SIZE:0x0)

.app_excpt      0x9fc01180       0x10
 *(.gen_handler)
 .gen_handler   0x9fc01180       0x10 c:/program files (x86)/microchip/xc32/v1.34/bin/bin/../../lib/gcc/pic32mx/4.5.2/../../../../pic32mx/lib/./proc/32MX340F512H/crt0_mips32r2.o

.vector_0       0x9fc01200        0x8
 *(.vector_0)
 .vector_0      0x9fc01200        0x8 c:/program files (x86)/microchip/xc32/v1.34/bin/bin/../../lib/gcc/pic32mx/4.5.2/../../../../pic32mx/lib\libpic32.a(vector0.o)
                0x9fc01200                __vector_dispatch_0
                0x00000001                ASSERT (((_vector_spacing == 0x0) || (SIZEOF (.vector_0) <= (_vector_spacing << 0x5))), function at exception vector 0 too large)

.vector_1       0x9fc01220        0x8
 *(.vector_1)
 .vector_1      0x9fc01220        0x8 c:/program files (x86)/microchip/xc32/v1.34/bin/bin/../../lib/gcc/pic32mx/4.5.2/../../../../pic32mx/lib\libpic32.a(vector1.o)
                0x9fc01220                __vector_dispatch_1
                0x00000001                ASSERT (((_vector_spacing == 0x0) || (SIZEOF (.vector_1) <= (_vector_spacing << 0x5))), function at exception vector 1 too large)

.vector_2       0x9fc01240        0x8
 *(.vector_2)
 .vector_2      0x9fc01240        0x8 c:/program files (x86)/microchip/xc32/v1.34/bin/bin/../../lib/gcc/pic32mx/4.5.2/../../../../pic32mx/lib\libpic32.a(vector2.o)
                0x9fc01240                __vector_dispatch_2
                0x00000001                ASSERT (((_vector_spacing == 0x0) || (SIZEOF (.vector_2) <= (_vector_spacing << 0x5))), function at exception vector 2 too large)

.vector_3       0x9fc01260        0x8
 *(.vector_3)
 .vector_3      0x9fc01260        0x8 c:/program files (x86)/microchip/xc32/v1.34/bin/bin/../../lib/gcc/pic32mx/4.5.2/../../../../pic32mx/lib\libpic32.a(vector3.o)
                0x9fc01260                __vector_dispatch_3
                0x00000001                ASSERT (((_vector_spacing == 0x0) || (SIZEOF (.vector_3) <= (_vector_spacing << 0x5))), function at exception vector 3 too large)

.vector_4       0x9fc01280        0x8
 *(.vector_4)
 .vector_4      0x9fc01280        0x8 c:/program files (x86)/microchip/xc32/v1.34/bin/bin/../../lib/gcc/pic32mx/4.5.2/../../../../pic32mx/lib\libpic32.a(vector4.o)
                0x9fc01280                __vector_dispatch_4
                0x00000001                ASSERT (((_vector_spacing == 0x0) || (SIZEOF (.vector_4) <= (_vector_spacing << 0x5))), function at exception vector 4 too large)

.vector_5       0x9fc012a0        0x8
 *(.vector_5)
 .vector_5      0x9fc012a0        0x8 c:/program files (x86)/microchip/xc32/v1.34/bin/bin/../../lib/gcc/pic32mx/4.5.2/../../../../pic32mx/lib\libpic32.a(vector5.o)
                0x9fc012a0                __vector_dispatch_5
                0x00000001                ASSERT (((_vector_spacing == 0x0) || (SIZEOF (.vector_5) <= (_vector_spacing << 0x5))), function at exception vector 5 too large)

.vector_6       0x9fc012c0        0x8
 *(.vector_6)
 .vector_6      0x9fc012c0        0x8 c:/program files (x86)/microchip/xc32/v1.34/bin/bin/../../lib/gcc/pic32mx/4.5.2/../../../../pic32mx/lib\libpic32.a(vector6.o)
                0x9fc012c0                __vector_dispatch_6
                0x00000001                ASSERT (((_vector_spacing == 0x0) || (SIZEOF (.vector_6) <= (_vector_spacing << 0x5))), function at exception vector 6 too large)

.vector_7       0x9fc012e0        0x8
 *(.vector_7)
 .vector_7      0x9fc012e0        0x8 c:/program files (x86)/microchip/xc32/v1.34/bin/bin/../../lib/gcc/pic32mx/4.5.2/../../../../pic32mx/lib\libpic32.a(vector7.o)
                0x9fc012e0                __vector_dispatch_7
                0x00000001                ASSERT (((_vector_spacing == 0x0) || (SIZEOF (.vector_7) <= (_vector_spacing << 0x5))), function at exception vector 7 too large)

.vector_8       0x9fc01300        0x8
 *(.vector_8)
 .vector_8      0x9fc01300        0x8 c:/program files (x86)/microchip/xc32/v1.34/bin/bin/../../lib/gcc/pic32mx/4.5.2/../../../../pic32mx/lib\libpic32.a(vector8.o)
                0x9fc01300                __vector_dispatch_8
                0x00000001                ASSERT (((_vector_spacing == 0x0) || (SIZEOF (.vector_8) <= (_vector_spacing << 0x5))), function at exception vector 8 too large)

.vector_9       0x9fc01320        0x8
 *(.vector_9)
 .vector_9      0x9fc01320        0x8 c:/program files (x86)/microchip/xc32/v1.34/bin/bin/../../lib/gcc/pic32mx/4.5.2/../../../../pic32mx/lib\libpic32.a(vector9.o)
                0x9fc01320                __vector_dispatch_9
                0x00000001                ASSERT (((_vector_spacing == 0x0) || (SIZEOF (.vector_9) <= (_vector_spacing << 0x5))), function at exception vector 9 too large)

.vector_10      0x9fc01340        0x8
 *(.vector_10)
 .vector_10     0x9fc01340        0x8 c:/program files (x86)/microchip/xc32/v1.34/bin/bin/../../lib/gcc/pic32mx/4.5.2/../../../../pic32mx/lib\libpic32.a(vector10.o)
                0x9fc01340                __vector_dispatch_10
                0x00000001                ASSERT (((_vector_spacing == 0x0) || (SIZEOF (.vector_10) <= (_vector_spacing << 0x5))), function at exception vector 10 too large)

.vector_11      0x9fc01360        0x8
 *(.vector_11)
 .vector_11     0x9fc01360        0x8 build/default/debug/sources/main.o
                0x9fc01360                __vector_dispatch_11
                0x00000001                ASSERT (((_vector_spacing == 0x0) || (SIZEOF (.vector_11) <= (_vector_spacing << 0x5))), function at exception vector 11 too large)

.vector_12      0x9fc01380        0x8
 *(.vector_12)
 .vector_12     0x9fc01380        0x8 build/default/debug/sources/main.o
                0x9fc01380                __vector_dispatch_12
                0x00000001                ASSERT (((_vector_spacing == 0x0) || (SIZEOF (.vector_12) <= (_vector_spacing << 0x5))), function at exception vector 12 too large)

.vector_13      0x9fc013a0        0x8
 *(.vector_13)
 .vector_13     0x9fc013a0        0x8 c:/program files (x86)/microchip/xc32/v1.34/bin/bin/../../lib/gcc/pic32mx/4.5.2/../../../../pic32mx/lib\libpic32.a(vector13.o)
                0x9fc013a0                __vector_dispatch_13
                0x00000001                ASSERT (((_vector_spacing == 0x0) || (SIZEOF (.vector_13) <= (_vector_spacing << 0x5))), function at exception vector 13 too large)

.vector_14      0x9fc013c0        0x8
 *(.vector_14)
 .vector_14     0x9fc013c0        0x8 c:/program files (x86)/microchip/xc32/v1.34/bin/bin/../../lib/gcc/pic32mx/4.5.2/../../../../pic32mx/lib\libpic32.a(vector14.o)
                0x9fc013c0                __vector_dispatch_14
                0x00000001                ASSERT (((_vector_spacing == 0x0) || (SIZEOF (.vector_14) <= (_vector_spacing << 0x5))), function at exception vector 14 too large)

.vector_15      0x9fc013e0        0x8
 *(.vector_15)
 .vector_15     0x9fc013e0        0x8 c:/program files (x86)/microchip/xc32/v1.34/bin/bin/../../lib/gcc/pic32mx/4.5.2/../../../../pic32mx/lib\libpic32.a(vector15.o)
                0x9fc013e0                __vector_dispatch_15
                0x00000001                ASSERT (((_vector_spacing == 0x0) || (SIZEOF (.vector_15) <= (_vector_spacing << 0x5))), function at exception vector 15 too large)

.vector_16      0x9fc01400        0x8
 *(.vector_16)
 .vector_16     0x9fc01400        0x8 build/default/debug/sources/main.o
                0x9fc01400                __vector_dispatch_16
                0x00000001                ASSERT (((_vector_spacing == 0x0) || (SIZEOF (.vector_16) <= (_vector_spacing << 0x5))), function at exception vector 16 too large)

.vector_17      0x9fc01420        0x8
 *(.vector_17)
 .vector_17     0x9fc01420        0x8 c:/program files (x86)/microchip/xc32/v1.34/bin/bin/../../lib/gcc/pic32mx/4.5.2/../../../../pic32mx/lib\libpic32.a(vector17.o)
                0x9fc01420                __vector_dispatch_17
                0x00000001                ASSERT (((_vector_spacing == 0x0) || (SIZEOF (.vector_17) <= (_vector_spacing << 0x5))), function at exception vector 17 too large)

.vector_18      0x9fc01440        0x8
 *(.vector_18)
 .vector_18     0x9fc01440        0x8 c:/program files (x86)/microchip/xc32/v1.34/bin/bin/../../lib/gcc/pic32mx/4.5.2/../../../../pic32mx/lib\libpic32.a(vector18.o)
                0x9fc01440                __vector_dispatch_18
                0x00000001                ASSERT (((_vector_spacing == 0x0) || (SIZEOF (.vector_18) <= (_vector_spacing << 0x5))), function at exception vector 18 too large)

.vector_19      0x9fc01460        0x8
 *(.vector_19)
 .vector_19     0x9fc01460        0x8 c:/program files (x86)/microchip/xc32/v1.34/bin/bin/../../lib/gcc/pic32mx/4.5.2/../../../../pic32mx/lib\libpic32.a(vector19.o)
                0x9fc01460                __vector_dispatch_19
                0x00000001                ASSERT (((_vector_spacing == 0x0) || (SIZEOF (.vector_19) <= (_vector_spacing << 0x5))), function at exception vector 19 too large)

.vector_20      0x9fc01480        0x8
 *(.vector_20)
 .vector_20     0x9fc01480        0x8 c:/program files (x86)/microchip/xc32/v1.34/bin/bin/../../lib/gcc/pic32mx/4.5.2/../../../../pic32mx/lib\libpic32.a(vector20.o)
                0x9fc01480                __vector_dispatch_20
                0x00000001                ASSERT (((_vector_spacing == 0x0) || (SIZEOF (.vector_20) <= (_vector_spacing << 0x5))), function at exception vector 20 too large)

.vector_21      0x9fc014a0        0x8
 *(.vector_21)
 .vector_21     0x9fc014a0        0x8 c:/program files (x86)/microchip/xc32/v1.34/bin/bin/../../lib/gcc/pic32mx/4.5.2/../../../../pic32mx/lib\libpic32.a(vector21.o)
                0x9fc014a0                __vector_dispatch_21
                0x00000001                ASSERT (((_vector_spacing == 0x0) || (SIZEOF (.vector_21) <= (_vector_spacing << 0x5))), function at exception vector 21 too large)

.vector_22      0x9fc014c0        0x8
 *(.vector_22)
 .vector_22     0x9fc014c0        0x8 c:/program files (x86)/microchip/xc32/v1.34/bin/bin/../../lib/gcc/pic32mx/4.5.2/../../../../pic32mx/lib\libpic32.a(vector22.o)
                0x9fc014c0                __vector_dispatch_22
                0x00000001                ASSERT (((_vector_spacing == 0x0) || (SIZEOF (.vector_22) <= (_vector_spacing << 0x5))), function at exception vector 22 too large)

.vector_23      0x9fc014e0        0x8
 *(.vector_23)
 .vector_23     0x9fc014e0        0x8 c:/program files (x86)/microchip/xc32/v1.34/bin/bin/../../lib/gcc/pic32mx/4.5.2/../../../../pic32mx/lib\libpic32.a(vector23.o)
                0x9fc014e0                __vector_dispatch_23
                0x00000001                ASSERT (((_vector_spacing == 0x0) || (SIZEOF (.vector_23) <= (_vector_spacing << 0x5))), function at exception vector 23 too large)

.vector_24      0x9fc01500        0x8
 *(.vector_24)
 .vector_24     0x9fc01500        0x8 build/default/debug/sources/main.o
                0x9fc01500                __vector_dispatch_24
                0x00000001                ASSERT (((_vector_spacing == 0x0) || (SIZEOF (.vector_24) <= (_vector_spacing << 0x5))), function at exception vector 24 too large)

.vector_25      0x9fc01520        0x8
 *(.vector_25)
 .vector_25     0x9fc01520        0x8 c:/program files (x86)/microchip/xc32/v1.34/bin/bin/../../lib/gcc/pic32mx/4.5.2/../../../../pic32mx/lib\libpic32.a(vector25.o)
                0x9fc01520                __vector_dispatch_25
                0x00000001                ASSERT (((_vector_spacing == 0x0) || (SIZEOF (.vector_25) <= (_vector_spacing << 0x5))), function at exception vector 25 too large)

.vector_26      0x9fc01540        0x8
 *(.vector_26)
 .vector_26     0x9fc01540        0x8 c:/program files (x86)/microchip/xc32/v1.34/bin/bin/../../lib/gcc/pic32mx/4.5.2/../../../../pic32mx/lib\libpic32.a(vector26.o)
                0x9fc01540                __vector_dispatch_26
                0x00000001                ASSERT (((_vector_spacing == 0x0) || (SIZEOF (.vector_26) <= (_vector_spacing << 0x5))), function at exception vector 26 too large)

.vector_27      0x9fc01560        0x8
 *(.vector_27)
 .vector_27     0x9fc01560        0x8 c:/program files (x86)/microchip/xc32/v1.34/bin/bin/../../lib/gcc/pic32mx/4.5.2/../../../../pic32mx/lib\libpic32.a(vector27.o)
                0x9fc01560                __vector_dispatch_27
                0x00000001                ASSERT (((_vector_spacing == 0x0) || (SIZEOF (.vector_27) <= (_vector_spacing << 0x5))), function at exception vector 27 too large)

.vector_28      0x9fc01580        0x8
 *(.vector_28)
 .vector_28     0x9fc01580        0x8 c:/program files (x86)/microchip/xc32/v1.34/bin/bin/../../lib/gcc/pic32mx/4.5.2/../../../../pic32mx/lib\libpic32.a(vector28.o)
                0x9fc01580                __vector_dispatch_28
                0x00000001                ASSERT (((_vector_spacing == 0x0) || (SIZEOF (.vector_28) <= (_vector_spacing << 0x5))), function at exception vector 28 too large)

.vector_29      0x9fc015a0        0x8
 *(.vector_29)
 .vector_29     0x9fc015a0        0x8 c:/program files (x86)/microchip/xc32/v1.34/bin/bin/../../lib/gcc/pic32mx/4.5.2/../../../../pic32mx/lib\libpic32.a(vector29.o)
                0x9fc015a0                __vector_dispatch_29
                0x00000001                ASSERT (((_vector_spacing == 0x0) || (SIZEOF (.vector_29) <= (_vector_spacing << 0x5))), function at exception vector 29 too large)

.vector_30      0x9fc015c0        0x8
 *(.vector_30)
 .vector_30     0x9fc015c0        0x8 c:/program files (x86)/microchip/xc32/v1.34/bin/bin/../../lib/gcc/pic32mx/4.5.2/../../../../pic32mx/lib\libpic32.a(vector30.o)
                0x9fc015c0                __vector_dispatch_30
                0x00000001                ASSERT (((_vector_spacing == 0x0) || (SIZEOF (.vector_30) <= (_vector_spacing << 0x5))), function at exception vector 30 too large)

.vector_31      0x9fc015e0        0x8
 *(.vector_31)
 .vector_31     0x9fc015e0        0x8 c:/program files (x86)/microchip/xc32/v1.34/bin/bin/../../lib/gcc/pic32mx/4.5.2/../../../../pic32mx/lib\libpic32.a(vector31.o)
                0x9fc015e0                __vector_dispatch_31
                0x00000001                ASSERT (((_vector_spacing == 0x0) || (SIZEOF (.vector_31) <= (_vector_spacing << 0x5))), function at exception vector 31 too large)

.vector_32      0x9fc01600        0x8
 *(.vector_32)
 .vector_32     0x9fc01600        0x8 build/default/debug/sources/main.o
                0x9fc01600                __vector_dispatch_32
                0x00000001                ASSERT (((_vector_spacing == 0x0) || (SIZEOF (.vector_32) <= (_vector_spacing << 0x5))), function at exception vector 32 too large)

.vector_33      0x9fc01620        0x8
 *(.vector_33)
 .vector_33     0x9fc01620        0x8 c:/program files (x86)/microchip/xc32/v1.34/bin/bin/../../lib/gcc/pic32mx/4.5.2/../../../../pic32mx/lib\libpic32.a(vector33.o)
                0x9fc01620                __vector_dispatch_33
                0x00000001                ASSERT (((_vector_spacing == 0x0) || (SIZEOF (.vector_33) <= (_vector_spacing << 0x5))), function at exception vector 33 too large)

.vector_34      0x9fc01640        0x8
 *(.vector_34)
 .vector_34     0x9fc01640        0x8 c:/program files (x86)/microchip/xc32/v1.34/bin/bin/../../lib/gcc/pic32mx/4.5.2/../../../../pic32mx/lib\libpic32.a(vector34.o)
                0x9fc01640                __vector_dispatch_34
                0x00000001                ASSERT (((_vector_spacing == 0x0) || (SIZEOF (.vector_34) <= (_vector_spacing << 0x5))), function at exception vector 34 too large)

.vector_35      0x9fc01660        0x8
 *(.vector_35)
 .vector_35     0x9fc01660        0x8 c:/program files (x86)/microchip/xc32/v1.34/bin/bin/../../lib/gcc/pic32mx/4.5.2/../../../../pic32mx/lib\libpic32.a(vector35.o)
                0x9fc01660                __vector_dispatch_35
                0x00000001                ASSERT (((_vector_spacing == 0x0) || (SIZEOF (.vector_35) <= (_vector_spacing << 0x5))), function at exception vector 35 too large)

.vector_36      0x9fc01680        0x8
 *(.vector_36)
 .vector_36     0x9fc01680        0x8 c:/program files (x86)/microchip/xc32/v1.34/bin/bin/../../lib/gcc/pic32mx/4.5.2/../../../../pic32mx/lib\libpic32.a(vector36.o)
                0x9fc01680                __vector_dispatch_36
                0x00000001                ASSERT (((_vector_spacing == 0x0) || (SIZEOF (.vector_36) <= (_vector_spacing << 0x5))), function at exception vector 36 too large)

.vector_37      0x9fc016a0        0x8
 *(.vector_37)
 .vector_37     0x9fc016a0        0x8 c:/program files (x86)/microchip/xc32/v1.34/bin/bin/../../lib/gcc/pic32mx/4.5.2/../../../../pic32mx/lib\libpic32.a(vector37.o)
                0x9fc016a0                __vector_dispatch_37
                0x00000001                ASSERT (((_vector_spacing == 0x0) || (SIZEOF (.vector_37) <= (_vector_spacing << 0x5))), function at exception vector 37 too large)

.vector_38      0x9fc016c0        0x8
 *(.vector_38)
 .vector_38     0x9fc016c0        0x8 c:/program files (x86)/microchip/xc32/v1.34/bin/bin/../../lib/gcc/pic32mx/4.5.2/../../../../pic32mx/lib\libpic32.a(vector38.o)
                0x9fc016c0                __vector_dispatch_38
                0x00000001                ASSERT (((_vector_spacing == 0x0) || (SIZEOF (.vector_38) <= (_vector_spacing << 0x5))), function at exception vector 38 too large)

.vector_39      0x9fc016e0        0x8
 *(.vector_39)
 .vector_39     0x9fc016e0        0x8 c:/program files (x86)/microchip/xc32/v1.34/bin/bin/../../lib/gcc/pic32mx/4.5.2/../../../../pic32mx/lib\libpic32.a(vector39.o)
                0x9fc016e0                __vector_dispatch_39
                0x00000001                ASSERT (((_vector_spacing == 0x0) || (SIZEOF (.vector_39) <= (_vector_spacing << 0x5))), function at exception vector 39 too large)

.vector_40      0x9fc01700        0x8
 *(.vector_40)
 .vector_40     0x9fc01700        0x8 c:/program files (x86)/microchip/xc32/v1.34/bin/bin/../../lib/gcc/pic32mx/4.5.2/../../../../pic32mx/lib\libpic32.a(vector40.o)
                0x9fc01700                __vector_dispatch_40
                0x00000001                ASSERT (((_vector_spacing == 0x0) || (SIZEOF (.vector_40) <= (_vector_spacing << 0x5))), function at exception vector 40 too large)

.vector_41      0x9fc01720        0x8
 *(.vector_41)
 .vector_41     0x9fc01720        0x8 c:/program files (x86)/microchip/xc32/v1.34/bin/bin/../../lib/gcc/pic32mx/4.5.2/../../../../pic32mx/lib\libpic32.a(vector41.o)
                0x9fc01720                __vector_dispatch_41
                0x00000001                ASSERT (((_vector_spacing == 0x0) || (SIZEOF (.vector_41) <= (_vector_spacing << 0x5))), function at exception vector 41 too large)

.vector_42      0x9fc01740        0x8
 *(.vector_42)
 .vector_42     0x9fc01740        0x8 c:/program files (x86)/microchip/xc32/v1.34/bin/bin/../../lib/gcc/pic32mx/4.5.2/../../../../pic32mx/lib\libpic32.a(vector42.o)
                0x9fc01740                __vector_dispatch_42
                0x00000001                ASSERT (((_vector_spacing == 0x0) || (SIZEOF (.vector_42) <= (_vector_spacing << 0x5))), function at exception vector 42 too large)

.vector_43      0x9fc01760        0x8
 *(.vector_43)
 .vector_43     0x9fc01760        0x8 c:/program files (x86)/microchip/xc32/v1.34/bin/bin/../../lib/gcc/pic32mx/4.5.2/../../../../pic32mx/lib\libpic32.a(vector43.o)
                0x9fc01760                __vector_dispatch_43
                0x00000001                ASSERT (((_vector_spacing == 0x0) || (SIZEOF (.vector_43) <= (_vector_spacing << 0x5))), function at exception vector 43 too large)

.vector_44      0x9fc01780        0x8
 *(.vector_44)
 .vector_44     0x9fc01780        0x8 c:/program files (x86)/microchip/xc32/v1.34/bin/bin/../../lib/gcc/pic32mx/4.5.2/../../../../pic32mx/lib\libpic32.a(vector44.o)
                0x9fc01780                __vector_dispatch_44
                0x00000001                ASSERT (((_vector_spacing == 0x0) || (SIZEOF (.vector_44) <= (_vector_spacing << 0x5))), function at exception vector 44 too large)

.vector_45      0x9fc017a0        0x0
 *(.vector_45)
                0x00000001                ASSERT (((_vector_spacing == 0x0) || (SIZEOF (.vector_45) <= (_vector_spacing << 0x5))), function at exception vector 45 too large)

.vector_46      0x9fc017c0        0x0
 *(.vector_46)
                0x00000001                ASSERT (((_vector_spacing == 0x0) || (SIZEOF (.vector_46) <= (_vector_spacing << 0x5))), function at exception vector 46 too large)

.vector_47      0x9fc017e0        0x0
 *(.vector_47)
                0x00000001                ASSERT (((_vector_spacing == 0x0) || (SIZEOF (.vector_47) <= (_vector_spacing << 0x5))), function at exception vector 47 too large)

.vector_48      0x9fc01800        0x0
 *(.vector_48)
                0x00000001                ASSERT (((_vector_spacing == 0x0) || (SIZEOF (.vector_48) <= (_vector_spacing << 0x5))), function at exception vector 48 too large)

.vector_49      0x9fc01820        0x0
 *(.vector_49)
                0x00000001                ASSERT (((_vector_spacing == 0x0) || (SIZEOF (.vector_49) <= (_vector_spacing << 0x5))), function at exception vector 49 too large)

.vector_50      0x9fc01840        0x0
 *(.vector_50)
                0x00000001                ASSERT (((_vector_spacing == 0x0) || (SIZEOF (.vector_50) <= (_vector_spacing << 0x5))), function at exception vector 50 too large)

.vector_51      0x9fc01860        0x0
 *(.vector_51)
                0x00000001                ASSERT (((_vector_spacing == 0x0) || (SIZEOF (.vector_51) <= (_vector_spacing << 0x5))), function at exception vector 51 too large)

.vector_52      0x9fc01880        0x0
 *(.vector_52)
                0x00000001                ASSERT (((_vector_spacing == 0x0) || (SIZEOF (.vector_52) <= (_vector_spacing << 0x5))), function at exception vector 52 too large)

.vector_53      0x9fc018a0        0x0
 *(.vector_53)
                0x00000001                ASSERT (((_vector_spacing == 0x0) || (SIZEOF (.vector_53) <= (_vector_spacing << 0x5))), function at exception vector 53 too large)

.vector_54      0x9fc018c0        0x0
 *(.vector_54)
                0x00000001                ASSERT (((_vector_spacing == 0x0) || (SIZEOF (.vector_54) <= (_vector_spacing << 0x5))), function at exception vector 54 too large)

.vector_55      0x9fc018e0        0x0
 *(.vector_55)
                0x00000001                ASSERT (((_vector_spacing == 0x0) || (SIZEOF (.vector_55) <= (_vector_spacing << 0x5))), function at exception vector 55 too large)

.vector_56      0x9fc01900        0x0
 *(.vector_56)
                0x00000001                ASSERT (((_vector_spacing == 0x0) || (SIZEOF (.vector_56) <= (_vector_spacing << 0x5))), function at exception vector 56 too large)

.vector_57      0x9fc01920        0x0
 *(.vector_57)
                0x00000001                ASSERT (((_vector_spacing == 0x0) || (SIZEOF (.vector_57) <= (_vector_spacing << 0x5))), function at exception vector 57 too large)

.vector_58      0x9fc01940        0x0
 *(.vector_58)
                0x00000001                ASSERT (((_vector_spacing == 0x0) || (SIZEOF (.vector_58) <= (_vector_spacing << 0x5))), function at exception vector 58 too large)

.vector_59      0x9fc01960        0x0
 *(.vector_59)
                0x00000001                ASSERT (((_vector_spacing == 0x0) || (SIZEOF (.vector_59) <= (_vector_spacing << 0x5))), function at exception vector 59 too large)

.vector_60      0x9fc01980        0x0
 *(.vector_60)
                0x00000001                ASSERT (((_vector_spacing == 0x0) || (SIZEOF (.vector_60) <= (_vector_spacing << 0x5))), function at exception vector 60 too large)

.vector_61      0x9fc019a0        0x0
 *(.vector_61)
                0x00000001                ASSERT (((_vector_spacing == 0x0) || (SIZEOF (.vector_61) <= (_vector_spacing << 0x5))), function at exception vector 61 too large)

.vector_62      0x9fc019c0        0x0
 *(.vector_62)
                0x00000001                ASSERT (((_vector_spacing == 0x0) || (SIZEOF (.vector_62) <= (_vector_spacing << 0x5))), function at exception vector 62 too large)

.vector_63      0x9fc019e0        0x0
 *(.vector_63)
                0x00000001                ASSERT (((_vector_spacing == 0x0) || (SIZEOF (.vector_63) <= (_vector_spacing << 0x5))), function at exception vector 63 too large)

.startup
 *(.startup)

.text           0x9d000000        0x0
 *(.stub .gnu.linkonce.t.*)
 *(.text.*personality*)
 *(.mips16.fn.*)
 *(.mips16.call.*)
 *(.gnu.warning)
                0x9d000000                . = ALIGN (0x4)

.init           0x9d000000        0x0
 *crti.o(.init)
 *crtbegin.o(.init)
 *(EXCLUDE_FILE(*crtn.o *crtend?.o *crtend.o) .init)
 *crtend.o(.init)
 *crtn.o(.init)
                0x9d000000                . = ALIGN (0x4)

.fini           0x9d000000        0x0
 *(.fini)
                0x9d000000                . = ALIGN (0x4)

.preinit_array  0x9d000000        0x0
                0x9d000000                PROVIDE (__preinit_array_start, .)
 *(.preinit_array)
                0x9d000000                PROVIDE (__preinit_array_end, .)
                0x9d000000                . = ALIGN (0x4)

.init_array     0x9d000000        0x0
                0x9d000000                PROVIDE (__init_array_start, .)
 *(SORT(.init_array.*))
 *(.init_array)
                0x9d000000                PROVIDE (__init_array_end, .)
                0x9d000000                . = ALIGN (0x4)

.fini_array     0x9d000000        0x0
                0x9d000000                PROVIDE (__fini_array_start, .)
 *(SORT(.fini_array.*))
 *(.fini_array)
                0x9d000000                PROVIDE (__fini_array_end, .)
                0x9d000000                . = ALIGN (0x4)

.ctors          0x9d000000        0x0
 *crtbegin.o(.ctors)
 *crtbegin?.o(.ctors)
 *(EXCLUDE_FILE(*crtend?.o *crtend.o) .ctors)
 *(SORT(.ctors.*))
 *(.ctors)
                0x9d000000                . = ALIGN (0x4)

.dtors          0x9d000000        0x0
 *crtbegin.o(.dtors)
 *crtbegin?.o(.dtors)
 *(EXCLUDE_FILE(*crtend?.o *crtend.o) .dtors)
 *(SORT(.dtors.*))
 *(.dtors)
                0x9d000000                . = ALIGN (0x4)

.rodata         0x9d000000        0x0
 *(.gnu.linkonce.r.*)
 *(.rodata1)
                0x9d000000                . = ALIGN (0x4)

.sdata2         0x9fc00490        0x0
 *(.sdata2 .sdata2.* .gnu.linkonce.s2.*)
                0x9fc00490                . = ALIGN (0x4)

.sbss2          0x9fc00490        0x0
 *(.sbss2 .sbss2.* .gnu.linkonce.sb2.*)
                0x9fc00490                . = ALIGN (0x4)

.eh_frame_hdr
 *(.eh_frame_hdr)
                0x9fc00490                . = ALIGN (0x4)

.eh_frame
 *(.eh_frame)
                0x9fc00490                . = ALIGN (0x4)

.gcc_except_table
 *(.gcc_except_table .gcc_except_table.*)
                0x9fc00490                . = ALIGN (0x4)

.dbg_data       0xa0000200        0x0
                0xa0000200                . = (. + DEFINED (_DEBUGGER)?0x200:0x0)

.jcr            0xa0000200        0x0
 *(.jcr)
                0xa0000200                . = ALIGN (0x4)

.eh_frame
 *(.eh_frame)
                0xa0000200                . = ALIGN (0x4)

.gcc_except_table
 *(.gcc_except_table .gcc_except_table.*)
                0xa0000200                . = ALIGN (0x4)

.persist        0xa0000200        0x0
                0xa0000200                _persist_begin = .
 *(.persist .persist.*)
 *(.pbss .pbss.*)
                0xa0000200                . = ALIGN (0x4)
                0xa0000200                _persist_end = .

.data           0xa0000200        0x0
 *(.gnu.linkonce.d.*)
 *(.data1)
                0xa0000200                . = ALIGN (0x4)
                0xa0000200                . = .
                0xa00081f0                _gp = (ALIGN (0x10) + 0x7ff0)

.got            0xa0000200        0x0
 *(.got.plt)
 *(.got)
                0xa0000200                . = ALIGN (0x4)

.sdata          0xa0000200        0x4
                0xa0000200                _sdata_begin = .
 *(.sdata .sdata.* .gnu.linkonce.s.*)
 .sdata         0xa0000200        0x4 build/default/debug/sources/main.o
                0xa0000200                res
                0xa0000204                . = ALIGN (0x4)
                0xa0000204                _sdata_end = .

.lit8
 *(.lit8)

.lit4
 *(.lit4)
                0xa0000204                . = ALIGN (0x4)
                0xa0000204                _data_end = .
                0xa0000204                _bss_begin = .

.sbss           0xa0000204       0x30
                0xa0000204                _sbss_begin = .
 *(.dynsbss)
 *(.sbss .sbss.* .gnu.linkonce.sb.*)
 .sbss          0xa0000204       0x1c build/default/debug/sources/main.o
                0xa0000204                countTime
                0xa0000206                countTimeEnable
                0xa0000207                devicePowered
                0xa0000208                rst
                0xa0000209                on_off
                0xa000020a                gps
                0xa000020c                gpsTmp
                0xa000020e                powerOnProcess
                0xa000020f                powerOffProcess
                0xa0000210                offset_x
                0xa0000212                offset_y
                0xa0000214                x_scale
                0xa0000218                y_scale
                0xa000021c                TimerCalMode
 .sbss          0xa0000220        0x4 c:/program files (x86)/microchip/xc32/v1.34/bin/bin/../../lib/gcc/pic32mx/4.5.2/../../../../pic32mx/lib\libc.a(errno.o)
                0xa0000220                errno
 *(.scommon)
 .scommon       0xa0000224       0x10 build/default/debug/sources/main.o
                0xa0000224                y_min
                0xa0000226                x_min
                0xa0000228                y_max
                0xa000022c                thisTaskFlag
                0xa0000232                x_max
                0xa0000234                _sbss_end = .
                0xa0000234                . = ALIGN (0x4)

.bss            0xa0000234      0x3e8
 *(.dynbss)
 *(COMMON)
 COMMON         0xa0000234      0x3e8 build/default/debug/sources/main.o
                0xa0000234                buffBT
                0xa0000428                buffGPS
                0xa000061c                . = ALIGN ((. != 0x0)?0x4:0x1)
                0xa000061c                . = ALIGN (0x4)
                0xa000061c                _end = .
                0xa000061c                _bss_end = .
                0x00008000                _bmxdudba_address = 0x8000
                0x00008000                _bmxdupba_address = 0x8000

/DISCARD/
 *(.pdr)
 *(.rel.dyn)
 *(.note.GNU-stack)
 *(.note.GNU-stack)
 *(.gnu_debuglink)
 *(.gnu.lto_*)
 *(.discard)

.gptab.sdata
 *(.gptab.data)
 *(.gptab.sdata)

.gptab.sbss
 *(.gptab.bss)
 *(.gptab.sbss)

.mdebug.abi32   0xa000061c        0x0
 *(.mdebug.abi32)
 .mdebug.abi32  0xa000061c        0x0 c:/program files (x86)/microchip/xc32/v1.34/bin/bin/../../lib/gcc/pic32mx/4.5.2/../../../../pic32mx/lib\software-debug-break.o
 .mdebug.abi32  0xa000061c        0x0 build/default/debug/sources/communication.o
 .mdebug.abi32  0xa000061c        0x0 build/default/debug/sources/configBits.o
 .mdebug.abi32  0xa000061c        0x0 build/default/debug/sources/delay.o
 .mdebug.abi32  0xa000061c        0x0 build/default/debug/sources/i2c.o
 .mdebug.abi32  0xa000061c        0x0 build/default/debug/sources/lib.o
 .mdebug.abi32  0xa000061c        0x0 build/default/debug/sources/main.o
 .mdebug.abi32  0xa000061c        0x0 build/default/debug/sources/servomotor.o
 .mdebug.abi32  0xa000061c        0x0 build/default/debug/sources/spi.o
 .mdebug.abi32  0xa000061c        0x0 build/default/debug/sources/uart.o
 .mdebug.abi32  0xa000061c        0x0 build/default/debug/sources/utils.o
 .mdebug.abi32  0xa000061c        0x0 build/default/debug/sources/flashmemory.o
 .mdebug.abi32  0xa000061c        0x0 build/default/debug/sources/mag.o
 .mdebug.abi32  0xa000061c        0x0 build/default/debug/sources/gps.o
 .mdebug.abi32  0xa000061c        0x0 build/default/debug/sources/move.o
 .mdebug.abi32  0xa000061c        0x0 c:/program files (x86)/microchip/xc32/v1.34/bin/bin/../../lib/gcc/pic32mx/4.5.2\libgcc.a(_floatdisf.o)
 .mdebug.abi32  0xa000061c        0x0 c:/program files (x86)/microchip/xc32/v1.34/bin/bin/../../lib/gcc/pic32mx/4.5.2\libgcc.a(floatunsisf.o)
 .mdebug.abi32  0xa000061c        0x0 c:/program files (x86)/microchip/xc32/v1.34/bin/bin/../../lib/gcc/pic32mx/4.5.2/../../../../pic32mx/lib\libpic32.a(default-bootstrap-exception-handler.o)
 .mdebug.abi32  0xa000061c        0x0 c:/program files (x86)/microchip/xc32/v1.34/bin/bin/../../lib/gcc/pic32mx/4.5.2/../../../../pic32mx/lib\libpic32.a(default-on-reset.o)
 .mdebug.abi32  0xa000061c        0x0 c:/program files (x86)/microchip/xc32/v1.34/bin/bin/../../lib/gcc/pic32mx/4.5.2/../../../../pic32mx/lib\libpic32.a(default-on-bootstrap.o)
 .mdebug.abi32  0xa000061c        0x0 c:/program files (x86)/microchip/xc32/v1.34/bin/bin/../../lib/gcc/pic32mx/4.5.2/../../../../pic32mx/lib\libpic32.a(default-general-exception-handler.o)
 .mdebug.abi32  0xa000061c        0x0 c:/program files (x86)/microchip/xc32/v1.34/bin/bin/../../lib/gcc/pic32mx/4.5.2/../../../../pic32mx/lib\libpic32.a(defaultinterrupt.o)
 .mdebug.abi32  0xa000061c        0x0 c:/program files (x86)/microchip/xc32/v1.34/bin/bin/../../lib/gcc/pic32mx/4.5.2/../../../../pic32mx/lib\libm.a(w_asinf.o)
 .mdebug.abi32  0xa000061c        0x0 c:/program files (x86)/microchip/xc32/v1.34/bin/bin/../../lib/gcc/pic32mx/4.5.2/../../../../pic32mx/lib\libm.a(w_atan2f.o)
 .mdebug.abi32  0xa000061c        0x0 c:/program files (x86)/microchip/xc32/v1.34/bin/bin/../../lib/gcc/pic32mx/4.5.2/../../../../pic32mx/lib\libm.a(w_sqrtf.o)
 .mdebug.abi32  0xa000061c        0x0 c:/program files (x86)/microchip/xc32/v1.34/bin/bin/../../lib/gcc/pic32mx/4.5.2/../../../../pic32mx/lib\libm.a(support.o)
 .mdebug.abi32  0xa000061c        0x0 c:/program files (x86)/microchip/xc32/v1.34/bin/bin/../../lib/gcc/pic32mx/4.5.2/../../../../pic32mx/lib\libm.a(s_lib_ver.o)
 .mdebug.abi32  0xa000061c        0x0 c:/program files (x86)/microchip/xc32/v1.34/bin/bin/../../lib/gcc/pic32mx/4.5.2/../../../../pic32mx/lib\libc.a(errno.o)

.mdebug.abiN32
 *(.mdebug.abiN32)

.mdebug.abi64
 *(.mdebug.abi64)

.mdebug.abiO64
 *(.mdebug.abiO64)

.mdebug.eabi32
 *(.mdebug.eabi32)

.mdebug.eabi64
 *(.mdebug.eabi64)

.gcc_compiled_long32
 *(.gcc_compiled_long32)

.gcc_compiled_long64
 *(.gcc_compiled_long64)

.stab
 *(.stab)

.stabstr
 *(.stabstr)

.stab.excl
 *(.stab.excl)

.stab.exclstr
 *(.stab.exclstr)

.stab.index
 *(.stab.index)

.stab.indexstr
 *(.stab.indexstr)

.comment        0x00000000       0x3c
 *(.comment)
 .comment       0x00000000       0x3c c:/program files (x86)/microchip/xc32/v1.34/bin/bin/../../lib/gcc/pic32mx/4.5.2/../../../../pic32mx/lib\software-debug-break.o
                                 0x3d (size before relaxing)
 .comment       0x00000000       0x3d build/default/debug/sources/communication.o
 .comment       0x00000000       0x3d build/default/debug/sources/configBits.o
 .comment       0x00000000       0x3d build/default/debug/sources/delay.o
 .comment       0x00000000       0x3d build/default/debug/sources/i2c.o
 .comment       0x00000000       0x3d build/default/debug/sources/lib.o
 .comment       0x00000000       0x3d build/default/debug/sources/main.o
 .comment       0x00000000       0x3d build/default/debug/sources/servomotor.o
 .comment       0x00000000       0x3d build/default/debug/sources/spi.o
 .comment       0x00000000       0x3d build/default/debug/sources/uart.o
 .comment       0x00000000       0x3d build/default/debug/sources/utils.o
 .comment       0x00000000       0x3d build/default/debug/sources/flashmemory.o
 .comment       0x00000000       0x3d build/default/debug/sources/mag.o
 .comment       0x00000000       0x3d build/default/debug/sources/gps.o
 .comment       0x00000000       0x3d build/default/debug/sources/move.o
 .comment       0x00000000       0x3d c:/program files (x86)/microchip/xc32/v1.34/bin/bin/../../lib/gcc/pic32mx/4.5.2\libgcc.a(_floatdisf.o)
 .comment       0x00000000       0x3d c:/program files (x86)/microchip/xc32/v1.34/bin/bin/../../lib/gcc/pic32mx/4.5.2\libgcc.a(floatunsisf.o)
 .comment       0x00000000       0x3d c:/program files (x86)/microchip/xc32/v1.34/bin/bin/../../lib/gcc/pic32mx/4.5.2/../../../../pic32mx/lib\libpic32.a(default-bootstrap-exception-handler.o)
 .comment       0x00000000       0x3d c:/program files (x86)/microchip/xc32/v1.34/bin/bin/../../lib/gcc/pic32mx/4.5.2/../../../../pic32mx/lib\libpic32.a(default-on-reset.o)
 .comment       0x00000000       0x3d c:/program files (x86)/microchip/xc32/v1.34/bin/bin/../../lib/gcc/pic32mx/4.5.2/../../../../pic32mx/lib\libpic32.a(default-on-bootstrap.o)
 .comment       0x00000000       0x3d c:/program files (x86)/microchip/xc32/v1.34/bin/bin/../../lib/gcc/pic32mx/4.5.2/../../../../pic32mx/lib\libpic32.a(default-general-exception-handler.o)
 .comment       0x00000000       0x3d c:/program files (x86)/microchip/xc32/v1.34/bin/bin/../../lib/gcc/pic32mx/4.5.2/../../../../pic32mx/lib\libpic32.a(defaultinterrupt.o)
 .comment       0x00000000       0x3d c:/program files (x86)/microchip/xc32/v1.34/bin/bin/../../lib/gcc/pic32mx/4.5.2/../../../../pic32mx/lib\libm.a(w_asinf.o)
 .comment       0x00000000       0x3d c:/program files (x86)/microchip/xc32/v1.34/bin/bin/../../lib/gcc/pic32mx/4.5.2/../../../../pic32mx/lib\libm.a(w_atan2f.o)
 .comment       0x00000000       0x3d c:/program files (x86)/microchip/xc32/v1.34/bin/bin/../../lib/gcc/pic32mx/4.5.2/../../../../pic32mx/lib\libm.a(w_sqrtf.o)
 .comment       0x00000000       0x3d c:/program files (x86)/microchip/xc32/v1.34/bin/bin/../../lib/gcc/pic32mx/4.5.2/../../../../pic32mx/lib\libm.a(support.o)
 .comment       0x00000000       0x3d c:/program files (x86)/microchip/xc32/v1.34/bin/bin/../../lib/gcc/pic32mx/4.5.2/../../../../pic32mx/lib\libm.a(s_lib_ver.o)
 .comment       0x00000000       0x3d c:/program files (x86)/microchip/xc32/v1.34/bin/bin/../../lib/gcc/pic32mx/4.5.2/../../../../pic32mx/lib\libc.a(errno.o)

.debug
 *(.debug)

.line
 *(.line)

.debug_srcinfo
 *(.debug_srcinfo)

.debug_sfnames
 *(.debug_sfnames)

.debug_aranges  0x00000000      0x378
 *(.debug_aranges)
 .debug_aranges
                0x00000000       0x20 c:/program files (x86)/microchip/xc32/v1.34/bin/bin/../../lib/gcc/pic32mx/4.5.2/../../../../pic32mx/lib\software-debug-break.o
 .debug_aranges
                0x00000020       0x20 build/default/debug/sources/communication.o
 .debug_aranges
                0x00000040       0x20 build/default/debug/sources/delay.o
 .debug_aranges
                0x00000060       0x20 build/default/debug/sources/i2c.o
 .debug_aranges
                0x00000080       0x20 build/default/debug/sources/lib.o
 .debug_aranges
                0x000000a0       0x20 build/default/debug/sources/main.o
 .debug_aranges
                0x000000c0       0x20 build/default/debug/sources/servomotor.o
 .debug_aranges
                0x000000e0       0x20 build/default/debug/sources/spi.o
 .debug_aranges
                0x00000100       0x20 build/default/debug/sources/uart.o
 .debug_aranges
                0x00000120       0x20 build/default/debug/sources/utils.o
 .debug_aranges
                0x00000140       0x20 build/default/debug/sources/flashmemory.o
 .debug_aranges
                0x00000160       0x20 build/default/debug/sources/mag.o
 .debug_aranges
                0x00000180       0x20 build/default/debug/sources/gps.o
 .debug_aranges
                0x000001a0       0x20 build/default/debug/sources/move.o
 .debug_aranges
                0x000001c0       0x20 c:/program files (x86)/microchip/xc32/v1.34/bin/bin/../../lib/gcc/pic32mx/4.5.2\libgcc.a(_floatdisf.o)
 .debug_aranges
                0x000001e0       0x20 c:/program files (x86)/microchip/xc32/v1.34/bin/bin/../../lib/gcc/pic32mx/4.5.2\libgcc.a(floatunsisf.o)
 .debug_aranges
                0x00000200       0x20 c:/program files (x86)/microchip/xc32/v1.34/bin/bin/../../lib/gcc/pic32mx/4.5.2/../../../../pic32mx/lib\libpic32.a(default-bootstrap-exception-handler.o)
 .debug_aranges
                0x00000220       0x20 c:/program files (x86)/microchip/xc32/v1.34/bin/bin/../../lib/gcc/pic32mx/4.5.2/../../../../pic32mx/lib\libpic32.a(default-on-reset.o)
 .debug_aranges
                0x00000240       0x20 c:/program files (x86)/microchip/xc32/v1.34/bin/bin/../../lib/gcc/pic32mx/4.5.2/../../../../pic32mx/lib\libpic32.a(default-on-bootstrap.o)
 .debug_aranges
                0x00000260       0x20 c:/program files (x86)/microchip/xc32/v1.34/bin/bin/../../lib/gcc/pic32mx/4.5.2/../../../../pic32mx/lib\libpic32.a(default-general-exception-handler.o)
 .debug_aranges
                0x00000280       0x20 c:/program files (x86)/microchip/xc32/v1.34/bin/bin/../../lib/gcc/pic32mx/4.5.2/../../../../pic32mx/lib\libpic32.a(defaultinterrupt.o)
 .debug_aranges
                0x000002a0       0x20 c:/program files (x86)/microchip/xc32/v1.34/bin/bin/../../lib/gcc/pic32mx/4.5.2/../../../../pic32mx/lib\libm.a(w_asinf.o)
 .debug_aranges
                0x000002c0       0x20 c:/program files (x86)/microchip/xc32/v1.34/bin/bin/../../lib/gcc/pic32mx/4.5.2/../../../../pic32mx/lib\libm.a(w_atan2f.o)
 .debug_aranges
                0x000002e0       0x20 c:/program files (x86)/microchip/xc32/v1.34/bin/bin/../../lib/gcc/pic32mx/4.5.2/../../../../pic32mx/lib\libm.a(w_sqrtf.o)
 .debug_aranges
                0x00000300       0x78 c:/program files (x86)/microchip/xc32/v1.34/bin/bin/../../lib/gcc/pic32mx/4.5.2/../../../../pic32mx/lib\libm.a(support.o)

.debug_pubnames
                0x00000000      0x9a9
 *(.debug_pubnames)
 .debug_pubnames
                0x00000000       0x30 c:/program files (x86)/microchip/xc32/v1.34/bin/bin/../../lib/gcc/pic32mx/4.5.2/../../../../pic32mx/lib\software-debug-break.o
 .debug_pubnames
                0x00000030       0x3b build/default/debug/sources/communication.o
 .debug_pubnames
                0x0000006b       0x2d build/default/debug/sources/delay.o
 .debug_pubnames
                0x00000098       0xc2 build/default/debug/sources/i2c.o
 .debug_pubnames
                0x0000015a       0x65 build/default/debug/sources/lib.o
 .debug_pubnames
                0x000001bf      0x265 build/default/debug/sources/main.o
 .debug_pubnames
                0x00000424       0x38 build/default/debug/sources/servomotor.o
 .debug_pubnames
                0x0000045c       0x4c build/default/debug/sources/spi.o
 .debug_pubnames
                0x000004a8      0x106 build/default/debug/sources/uart.o
 .debug_pubnames
                0x000005ae       0x63 build/default/debug/sources/utils.o
 .debug_pubnames
                0x00000611       0xda build/default/debug/sources/flashmemory.o
 .debug_pubnames
                0x000006eb       0x4d build/default/debug/sources/mag.o
 .debug_pubnames
                0x00000738       0x25 build/default/debug/sources/gps.o
 .debug_pubnames
                0x0000075d       0x49 build/default/debug/sources/move.o
 .debug_pubnames
                0x000007a6       0x22 c:/program files (x86)/microchip/xc32/v1.34/bin/bin/../../lib/gcc/pic32mx/4.5.2\libgcc.a(_floatdisf.o)
 .debug_pubnames
                0x000007c8       0x24 c:/program files (x86)/microchip/xc32/v1.34/bin/bin/../../lib/gcc/pic32mx/4.5.2\libgcc.a(floatunsisf.o)
 .debug_pubnames
                0x000007ec       0x33 c:/program files (x86)/microchip/xc32/v1.34/bin/bin/../../lib/gcc/pic32mx/4.5.2/../../../../pic32mx/lib\libpic32.a(default-bootstrap-exception-handler.o)
 .debug_pubnames
                0x0000081f       0x20 c:/program files (x86)/microchip/xc32/v1.34/bin/bin/../../lib/gcc/pic32mx/4.5.2/../../../../pic32mx/lib\libpic32.a(default-on-reset.o)
 .debug_pubnames
                0x0000083f       0x24 c:/program files (x86)/microchip/xc32/v1.34/bin/bin/../../lib/gcc/pic32mx/4.5.2/../../../../pic32mx/lib\libpic32.a(default-on-bootstrap.o)
 .debug_pubnames
                0x00000863       0x31 c:/program files (x86)/microchip/xc32/v1.34/bin/bin/../../lib/gcc/pic32mx/4.5.2/../../../../pic32mx/lib\libpic32.a(default-general-exception-handler.o)
 .debug_pubnames
                0x00000894       0x28 c:/program files (x86)/microchip/xc32/v1.34/bin/bin/../../lib/gcc/pic32mx/4.5.2/../../../../pic32mx/lib\libpic32.a(defaultinterrupt.o)
 .debug_pubnames
                0x000008bc       0x1c c:/program files (x86)/microchip/xc32/v1.34/bin/bin/../../lib/gcc/pic32mx/4.5.2/../../../../pic32mx/lib\libm.a(w_asinf.o)
 .debug_pubnames
                0x000008d8       0x1d c:/program files (x86)/microchip/xc32/v1.34/bin/bin/../../lib/gcc/pic32mx/4.5.2/../../../../pic32mx/lib\libm.a(w_atan2f.o)
 .debug_pubnames
                0x000008f5       0x1c c:/program files (x86)/microchip/xc32/v1.34/bin/bin/../../lib/gcc/pic32mx/4.5.2/../../../../pic32mx/lib\libm.a(w_sqrtf.o)
 .debug_pubnames
                0x00000911       0x98 c:/program files (x86)/microchip/xc32/v1.34/bin/bin/../../lib/gcc/pic32mx/4.5.2/../../../../pic32mx/lib\libm.a(support.o)

.debug_info     0x00000000     0x883a
 *(.debug_info .gnu.linkonce.wi.*)
 .debug_info    0x00000000       0xd2 c:/program files (x86)/microchip/xc32/v1.34/bin/bin/../../lib/gcc/pic32mx/4.5.2/../../../../pic32mx/lib\software-debug-break.o
 .debug_info    0x000000d2      0x3bf build/default/debug/sources/communication.o
 .debug_info    0x00000491        0x0 build/default/debug/sources/configBits.o
 .debug_info    0x00000491      0x999 build/default/debug/sources/delay.o
 .debug_info    0x00000e2a      0x6f1 build/default/debug/sources/i2c.o
 .debug_info    0x0000151b      0x301 build/default/debug/sources/lib.o
 .debug_info    0x0000181c     0x2887 build/default/debug/sources/main.o
 .debug_info    0x000040a3      0xa55 build/default/debug/sources/servomotor.o
 .debug_info    0x00004af8      0x552 build/default/debug/sources/spi.o
 .debug_info    0x0000504a     0x18ee build/default/debug/sources/uart.o
 .debug_info    0x00006938      0x38a build/default/debug/sources/utils.o
 .debug_info    0x00006cc2      0x662 build/default/debug/sources/flashmemory.o
 .debug_info    0x00007324      0x291 build/default/debug/sources/mag.o
 .debug_info    0x000075b5      0x34b build/default/debug/sources/gps.o
 .debug_info    0x00007900      0x367 build/default/debug/sources/move.o
 .debug_info    0x00007c67      0x2cd c:/program files (x86)/microchip/xc32/v1.34/bin/bin/../../lib/gcc/pic32mx/4.5.2\libgcc.a(_floatdisf.o)
 .debug_info    0x00007f34      0x12c c:/program files (x86)/microchip/xc32/v1.34/bin/bin/../../lib/gcc/pic32mx/4.5.2\libgcc.a(floatunsisf.o)
 .debug_info    0x00008060       0xe2 c:/program files (x86)/microchip/xc32/v1.34/bin/bin/../../lib/gcc/pic32mx/4.5.2/../../../../pic32mx/lib\libpic32.a(default-bootstrap-exception-handler.o)
 .debug_info    0x00008142       0xbc c:/program files (x86)/microchip/xc32/v1.34/bin/bin/../../lib/gcc/pic32mx/4.5.2/../../../../pic32mx/lib\libpic32.a(default-on-reset.o)
 .debug_info    0x000081fe       0xc4 c:/program files (x86)/microchip/xc32/v1.34/bin/bin/../../lib/gcc/pic32mx/4.5.2/../../../../pic32mx/lib\libpic32.a(default-on-bootstrap.o)
 .debug_info    0x000082c2       0xde c:/program files (x86)/microchip/xc32/v1.34/bin/bin/../../lib/gcc/pic32mx/4.5.2/../../../../pic32mx/lib\libpic32.a(default-general-exception-handler.o)
 .debug_info    0x000083a0       0xd6 c:/program files (x86)/microchip/xc32/v1.34/bin/bin/../../lib/gcc/pic32mx/4.5.2/../../../../pic32mx/lib\libpic32.a(defaultinterrupt.o)
 .debug_info    0x00008476       0xac c:/program files (x86)/microchip/xc32/v1.34/bin/bin/../../lib/gcc/pic32mx/4.5.2/../../../../pic32mx/lib\libm.a(w_asinf.o)
 .debug_info    0x00008522       0xca c:/program files (x86)/microchip/xc32/v1.34/bin/bin/../../lib/gcc/pic32mx/4.5.2/../../../../pic32mx/lib\libm.a(w_atan2f.o)
 .debug_info    0x000085ec       0xac c:/program files (x86)/microchip/xc32/v1.34/bin/bin/../../lib/gcc/pic32mx/4.5.2/../../../../pic32mx/lib\libm.a(w_sqrtf.o)
 .debug_info    0x00008698      0x1a2 c:/program files (x86)/microchip/xc32/v1.34/bin/bin/../../lib/gcc/pic32mx/4.5.2/../../../../pic32mx/lib\libm.a(support.o)
 .debug_info    0x0000883a        0x0 c:/program files (x86)/microchip/xc32/v1.34/bin/bin/../../lib/gcc/pic32mx/4.5.2/../../../../pic32mx/lib\libm.a(s_lib_ver.o)
 .debug_info    0x0000883a        0x0 c:/program files (x86)/microchip/xc32/v1.34/bin/bin/../../lib/gcc/pic32mx/4.5.2/../../../../pic32mx/lib\libc.a(errno.o)

.debug_abbrev   0x00000000     0x112a
 *(.debug_abbrev)
 .debug_abbrev  0x00000000       0x25 c:/program files (x86)/microchip/xc32/v1.34/bin/bin/../../lib/gcc/pic32mx/4.5.2/../../../../pic32mx/lib\software-debug-break.o
 .debug_abbrev  0x00000025       0xbc build/default/debug/sources/communication.o
 .debug_abbrev  0x000000e1        0x1 build/default/debug/sources/configBits.o
 .debug_abbrev  0x000000e2       0xd4 build/default/debug/sources/delay.o
 .debug_abbrev  0x000001b6      0x120 build/default/debug/sources/i2c.o
 .debug_abbrev  0x000002d6       0xa0 build/default/debug/sources/lib.o
 .debug_abbrev  0x00000376      0x363 build/default/debug/sources/main.o
 .debug_abbrev  0x000006d9      0x114 build/default/debug/sources/servomotor.o
 .debug_abbrev  0x000007ed      0x106 build/default/debug/sources/spi.o
 .debug_abbrev  0x000008f3      0x154 build/default/debug/sources/uart.o
 .debug_abbrev  0x00000a47       0xf8 build/default/debug/sources/utils.o
 .debug_abbrev  0x00000b3f      0x141 build/default/debug/sources/flashmemory.o
 .debug_abbrev  0x00000c80       0xc1 build/default/debug/sources/mag.o
 .debug_abbrev  0x00000d41       0xc7 build/default/debug/sources/gps.o
 .debug_abbrev  0x00000e08       0xb0 build/default/debug/sources/move.o
 .debug_abbrev  0x00000eb8       0x79 c:/program files (x86)/microchip/xc32/v1.34/bin/bin/../../lib/gcc/pic32mx/4.5.2\libgcc.a(_floatdisf.o)
 .debug_abbrev  0x00000f31       0x5f c:/program files (x86)/microchip/xc32/v1.34/bin/bin/../../lib/gcc/pic32mx/4.5.2\libgcc.a(floatunsisf.o)
 .debug_abbrev  0x00000f90       0x25 c:/program files (x86)/microchip/xc32/v1.34/bin/bin/../../lib/gcc/pic32mx/4.5.2/../../../../pic32mx/lib\libpic32.a(default-bootstrap-exception-handler.o)
 .debug_abbrev  0x00000fb5       0x25 c:/program files (x86)/microchip/xc32/v1.34/bin/bin/../../lib/gcc/pic32mx/4.5.2/../../../../pic32mx/lib\libpic32.a(default-on-reset.o)
 .debug_abbrev  0x00000fda       0x25 c:/program files (x86)/microchip/xc32/v1.34/bin/bin/../../lib/gcc/pic32mx/4.5.2/../../../../pic32mx/lib\libpic32.a(default-on-bootstrap.o)
 .debug_abbrev  0x00000fff       0x25 c:/program files (x86)/microchip/xc32/v1.34/bin/bin/../../lib/gcc/pic32mx/4.5.2/../../../../pic32mx/lib\libpic32.a(default-general-exception-handler.o)
 .debug_abbrev  0x00001024       0x25 c:/program files (x86)/microchip/xc32/v1.34/bin/bin/../../lib/gcc/pic32mx/4.5.2/../../../../pic32mx/lib\libpic32.a(defaultinterrupt.o)
 .debug_abbrev  0x00001049       0x25 c:/program files (x86)/microchip/xc32/v1.34/bin/bin/../../lib/gcc/pic32mx/4.5.2/../../../../pic32mx/lib\libm.a(w_asinf.o)
 .debug_abbrev  0x0000106e       0x41 c:/program files (x86)/microchip/xc32/v1.34/bin/bin/../../lib/gcc/pic32mx/4.5.2/../../../../pic32mx/lib\libm.a(w_atan2f.o)
 .debug_abbrev  0x000010af       0x25 c:/program files (x86)/microchip/xc32/v1.34/bin/bin/../../lib/gcc/pic32mx/4.5.2/../../../../pic32mx/lib\libm.a(w_sqrtf.o)
 .debug_abbrev  0x000010d4       0x54 c:/program files (x86)/microchip/xc32/v1.34/bin/bin/../../lib/gcc/pic32mx/4.5.2/../../../../pic32mx/lib\libm.a(support.o)
 .debug_abbrev  0x00001128        0x1 c:/program files (x86)/microchip/xc32/v1.34/bin/bin/../../lib/gcc/pic32mx/4.5.2/../../../../pic32mx/lib\libm.a(s_lib_ver.o)
 .debug_abbrev  0x00001129        0x1 c:/program files (x86)/microchip/xc32/v1.34/bin/bin/../../lib/gcc/pic32mx/4.5.2/../../../../pic32mx/lib\libc.a(errno.o)

.debug_line     0x00000000     0x149b
 *(.debug_line)
 .debug_line    0x00000000       0x8a c:/program files (x86)/microchip/xc32/v1.34/bin/bin/../../lib/gcc/pic32mx/4.5.2/../../../../pic32mx/lib\software-debug-break.o
 .debug_line    0x0000008a       0xd4 build/default/debug/sources/communication.o
 .debug_line    0x0000015e        0x0 build/default/debug/sources/configBits.o
 .debug_line    0x0000015e       0xd9 build/default/debug/sources/delay.o
 .debug_line    0x00000237      0x125 build/default/debug/sources/i2c.o
 .debug_line    0x0000035c       0xfc build/default/debug/sources/lib.o
 .debug_line    0x00000458      0x27b build/default/debug/sources/main.o
 .debug_line    0x000006d3       0xe0 build/default/debug/sources/servomotor.o
 .debug_line    0x000007b3       0xe3 build/default/debug/sources/spi.o
 .debug_line    0x00000896      0x156 build/default/debug/sources/uart.o
 .debug_line    0x000009ec       0xbc build/default/debug/sources/utils.o
 .debug_line    0x00000aa8      0x19f build/default/debug/sources/flashmemory.o
 .debug_line    0x00000c47       0x92 build/default/debug/sources/mag.o
 .debug_line    0x00000cd9       0xcd build/default/debug/sources/gps.o
 .debug_line    0x00000da6       0xa2 build/default/debug/sources/move.o
 .debug_line    0x00000e48      0x118 c:/program files (x86)/microchip/xc32/v1.34/bin/bin/../../lib/gcc/pic32mx/4.5.2\libgcc.a(_floatdisf.o)
 .debug_line    0x00000f60       0x8e c:/program files (x86)/microchip/xc32/v1.34/bin/bin/../../lib/gcc/pic32mx/4.5.2\libgcc.a(floatunsisf.o)
 .debug_line    0x00000fee       0x97 c:/program files (x86)/microchip/xc32/v1.34/bin/bin/../../lib/gcc/pic32mx/4.5.2/../../../../pic32mx/lib\libpic32.a(default-bootstrap-exception-handler.o)
 .debug_line    0x00001085       0x84 c:/program files (x86)/microchip/xc32/v1.34/bin/bin/../../lib/gcc/pic32mx/4.5.2/../../../../pic32mx/lib\libpic32.a(default-on-reset.o)
 .debug_line    0x00001109       0x88 c:/program files (x86)/microchip/xc32/v1.34/bin/bin/../../lib/gcc/pic32mx/4.5.2/../../../../pic32mx/lib\libpic32.a(default-on-bootstrap.o)
 .debug_line    0x00001191       0x95 c:/program files (x86)/microchip/xc32/v1.34/bin/bin/../../lib/gcc/pic32mx/4.5.2/../../../../pic32mx/lib\libpic32.a(default-general-exception-handler.o)
 .debug_line    0x00001226       0x96 c:/program files (x86)/microchip/xc32/v1.34/bin/bin/../../lib/gcc/pic32mx/4.5.2/../../../../pic32mx/lib\libpic32.a(defaultinterrupt.o)
 .debug_line    0x000012bc       0x78 c:/program files (x86)/microchip/xc32/v1.34/bin/bin/../../lib/gcc/pic32mx/4.5.2/../../../../pic32mx/lib\libm.a(w_asinf.o)
 .debug_line    0x00001334       0x79 c:/program files (x86)/microchip/xc32/v1.34/bin/bin/../../lib/gcc/pic32mx/4.5.2/../../../../pic32mx/lib\libm.a(w_atan2f.o)
 .debug_line    0x000013ad       0x78 c:/program files (x86)/microchip/xc32/v1.34/bin/bin/../../lib/gcc/pic32mx/4.5.2/../../../../pic32mx/lib\libm.a(w_sqrtf.o)
 .debug_line    0x00001425       0x76 c:/program files (x86)/microchip/xc32/v1.34/bin/bin/../../lib/gcc/pic32mx/4.5.2/../../../../pic32mx/lib\libm.a(support.o)
 .debug_line    0x0000149b        0x0 c:/program files (x86)/microchip/xc32/v1.34/bin/bin/../../lib/gcc/pic32mx/4.5.2/../../../../pic32mx/lib\libm.a(s_lib_ver.o)
 .debug_line    0x0000149b        0x0 c:/program files (x86)/microchip/xc32/v1.34/bin/bin/../../lib/gcc/pic32mx/4.5.2/../../../../pic32mx/lib\libc.a(errno.o)

.debug_frame    0x00000000      0xd48
 *(.debug_frame)
 .debug_frame   0x00000000       0x20 c:/program files (x86)/microchip/xc32/v1.34/bin/bin/../../lib/gcc/pic32mx/4.5.2/../../../../pic32mx/lib\software-debug-break.o
 .debug_frame   0x00000020       0x50 build/default/debug/sources/communication.o
 .debug_frame   0x00000070       0x48 build/default/debug/sources/delay.o
 .debug_frame   0x000000b8      0x128 build/default/debug/sources/i2c.o
 .debug_frame   0x000001e0       0xb8 build/default/debug/sources/lib.o
 .debug_frame   0x00000298      0x284 build/default/debug/sources/main.o
 .debug_frame   0x0000051c       0x4c build/default/debug/sources/servomotor.o
 .debug_frame   0x00000568       0x80 build/default/debug/sources/spi.o
 .debug_frame   0x000005e8      0x168 build/default/debug/sources/uart.o
 .debug_frame   0x00000750       0xbc build/default/debug/sources/utils.o
 .debug_frame   0x0000080c      0x154 build/default/debug/sources/flashmemory.o
 .debug_frame   0x00000960       0x80 build/default/debug/sources/mag.o
 .debug_frame   0x000009e0       0x30 build/default/debug/sources/gps.o
 .debug_frame   0x00000a10       0x6c build/default/debug/sources/move.o
 .debug_frame   0x00000a7c       0x2c c:/program files (x86)/microchip/xc32/v1.34/bin/bin/../../lib/gcc/pic32mx/4.5.2\libgcc.a(_floatdisf.o)
 .debug_frame   0x00000aa8       0x28 c:/program files (x86)/microchip/xc32/v1.34/bin/bin/../../lib/gcc/pic32mx/4.5.2\libgcc.a(floatunsisf.o)
 .debug_frame   0x00000ad0       0x28 c:/program files (x86)/microchip/xc32/v1.34/bin/bin/../../lib/gcc/pic32mx/4.5.2/../../../../pic32mx/lib\libpic32.a(default-bootstrap-exception-handler.o)
 .debug_frame   0x00000af8       0x20 c:/program files (x86)/microchip/xc32/v1.34/bin/bin/../../lib/gcc/pic32mx/4.5.2/../../../../pic32mx/lib\libpic32.a(default-on-reset.o)
 .debug_frame   0x00000b18       0x20 c:/program files (x86)/microchip/xc32/v1.34/bin/bin/../../lib/gcc/pic32mx/4.5.2/../../../../pic32mx/lib\libpic32.a(default-on-bootstrap.o)
 .debug_frame   0x00000b38       0x28 c:/program files (x86)/microchip/xc32/v1.34/bin/bin/../../lib/gcc/pic32mx/4.5.2/../../../../pic32mx/lib\libpic32.a(default-general-exception-handler.o)
 .debug_frame   0x00000b60       0x20 c:/program files (x86)/microchip/xc32/v1.34/bin/bin/../../lib/gcc/pic32mx/4.5.2/../../../../pic32mx/lib\libpic32.a(defaultinterrupt.o)
 .debug_frame   0x00000b80       0x28 c:/program files (x86)/microchip/xc32/v1.34/bin/bin/../../lib/gcc/pic32mx/4.5.2/../../../../pic32mx/lib\libm.a(w_asinf.o)
 .debug_frame   0x00000ba8       0x3c c:/program files (x86)/microchip/xc32/v1.34/bin/bin/../../lib/gcc/pic32mx/4.5.2/../../../../pic32mx/lib\libm.a(w_atan2f.o)
 .debug_frame   0x00000be4       0x28 c:/program files (x86)/microchip/xc32/v1.34/bin/bin/../../lib/gcc/pic32mx/4.5.2/../../../../pic32mx/lib\libm.a(w_sqrtf.o)
 .debug_frame   0x00000c0c      0x13c c:/program files (x86)/microchip/xc32/v1.34/bin/bin/../../lib/gcc/pic32mx/4.5.2/../../../../pic32mx/lib\libm.a(support.o)

.debug_str      0x00000000      0x331
 *(.debug_str)
 .debug_str     0x00000000        0x0 c:/program files (x86)/microchip/xc32/v1.34/bin/bin/../../lib/gcc/pic32mx/4.5.2/../../../../pic32mx/lib\software-debug-break.o
 .debug_str     0x00000000        0x0 build/default/debug/sources/communication.o
 .debug_str     0x00000000        0x0 build/default/debug/sources/configBits.o
 .debug_str     0x00000000       0x25 build/default/debug/sources/delay.o
 .debug_str     0x00000025       0x2c build/default/debug/sources/i2c.o
 .debug_str     0x00000051        0x0 build/default/debug/sources/lib.o
 .debug_str     0x00000051      0x170 build/default/debug/sources/main.o
 .debug_str     0x000001c1       0x31 build/default/debug/sources/servomotor.o
 .debug_str     0x000001f2       0x36 build/default/debug/sources/spi.o
 .debug_str     0x00000228       0xac build/default/debug/sources/uart.o
 .debug_str     0x000002d4       0x3a build/default/debug/sources/utils.o
 .debug_str     0x0000030e       0x16 build/default/debug/sources/flashmemory.o
 .debug_str     0x00000324        0x0 build/default/debug/sources/mag.o
 .debug_str     0x00000324        0xd build/default/debug/sources/gps.o
 .debug_str     0x00000331        0x0 build/default/debug/sources/move.o
 .debug_str     0x00000331        0x0 c:/program files (x86)/microchip/xc32/v1.34/bin/bin/../../lib/gcc/pic32mx/4.5.2\libgcc.a(_floatdisf.o)
 .debug_str     0x00000331        0x0 c:/program files (x86)/microchip/xc32/v1.34/bin/bin/../../lib/gcc/pic32mx/4.5.2\libgcc.a(floatunsisf.o)
 .debug_str     0x00000331        0x0 c:/program files (x86)/microchip/xc32/v1.34/bin/bin/../../lib/gcc/pic32mx/4.5.2/../../../../pic32mx/lib\libpic32.a(default-bootstrap-exception-handler.o)
 .debug_str     0x00000331        0x0 c:/program files (x86)/microchip/xc32/v1.34/bin/bin/../../lib/gcc/pic32mx/4.5.2/../../../../pic32mx/lib\libpic32.a(default-on-reset.o)
 .debug_str     0x00000331        0x0 c:/program files (x86)/microchip/xc32/v1.34/bin/bin/../../lib/gcc/pic32mx/4.5.2/../../../../pic32mx/lib\libpic32.a(default-on-bootstrap.o)
 .debug_str     0x00000331        0x0 c:/program files (x86)/microchip/xc32/v1.34/bin/bin/../../lib/gcc/pic32mx/4.5.2/../../../../pic32mx/lib\libpic32.a(default-general-exception-handler.o)
 .debug_str     0x00000331        0x0 c:/program files (x86)/microchip/xc32/v1.34/bin/bin/../../lib/gcc/pic32mx/4.5.2/../../../../pic32mx/lib\libpic32.a(defaultinterrupt.o)
 .debug_str     0x00000331        0x0 c:/program files (x86)/microchip/xc32/v1.34/bin/bin/../../lib/gcc/pic32mx/4.5.2/../../../../pic32mx/lib\libm.a(w_asinf.o)
 .debug_str     0x00000331        0x0 c:/program files (x86)/microchip/xc32/v1.34/bin/bin/../../lib/gcc/pic32mx/4.5.2/../../../../pic32mx/lib\libm.a(w_atan2f.o)
 .debug_str     0x00000331        0x0 c:/program files (x86)/microchip/xc32/v1.34/bin/bin/../../lib/gcc/pic32mx/4.5.2/../../../../pic32mx/lib\libm.a(w_sqrtf.o)
 .debug_str     0x00000331        0x0 c:/program files (x86)/microchip/xc32/v1.34/bin/bin/../../lib/gcc/pic32mx/4.5.2/../../../../pic32mx/lib\libm.a(support.o)
 .debug_str     0x00000331        0x0 c:/program files (x86)/microchip/xc32/v1.34/bin/bin/../../lib/gcc/pic32mx/4.5.2/../../../../pic32mx/lib\libm.a(s_lib_ver.o)
 .debug_str     0x00000331        0x0 c:/program files (x86)/microchip/xc32/v1.34/bin/bin/../../lib/gcc/pic32mx/4.5.2/../../../../pic32mx/lib\libc.a(errno.o)

.debug_loc      0x00000000     0x2667
 *(.debug_loc)
 .debug_loc     0x00000000      0x2fd build/default/debug/sources/communication.o
 .debug_loc     0x000002fd       0x8e build/default/debug/sources/delay.o
 .debug_loc     0x0000038b      0x255 build/default/debug/sources/i2c.o
 .debug_loc     0x000005e0      0x38e build/default/debug/sources/lib.o
 .debug_loc     0x0000096e      0x53a build/default/debug/sources/main.o
 .debug_loc     0x00000ea8       0x77 build/default/debug/sources/servomotor.o
 .debug_loc     0x00000f1f       0xb0 build/default/debug/sources/spi.o
 .debug_loc     0x00000fcf      0x4c6 build/default/debug/sources/uart.o
 .debug_loc     0x00001495      0x3cb build/default/debug/sources/utils.o
 .debug_loc     0x00001860      0x58f build/default/debug/sources/flashmemory.o
 .debug_loc     0x00001def      0x1a3 build/default/debug/sources/mag.o
 .debug_loc     0x00001f92      0x2ce build/default/debug/sources/gps.o
 .debug_loc     0x00002260      0x2a7 build/default/debug/sources/move.o
 .debug_loc     0x00002507       0xf8 c:/program files (x86)/microchip/xc32/v1.34/bin/bin/../../lib/gcc/pic32mx/4.5.2\libgcc.a(_floatdisf.o)
 .debug_loc     0x000025ff       0x68 c:/program files (x86)/microchip/xc32/v1.34/bin/bin/../../lib/gcc/pic32mx/4.5.2\libgcc.a(floatunsisf.o)

.debug_macinfo
 *(.debug_macinfo)

.debug_weaknames
 *(.debug_weaknames)

.debug_funcnames
 *(.debug_funcnames)

.debug_typenames
 *(.debug_typenames)

.debug_varnames
 *(.debug_varnames)

.debug_pubtypes
                0x00000000      0x5de
 *(.debug_pubtypes)
 .debug_pubtypes
                0x00000000       0x44 build/default/debug/sources/communication.o
 .debug_pubtypes
                0x00000044       0x5f build/default/debug/sources/delay.o
 .debug_pubtypes
                0x000000a3       0x49 build/default/debug/sources/i2c.o
 .debug_pubtypes
                0x000000ec       0x25 build/default/debug/sources/lib.o
 .debug_pubtypes
                0x00000111      0x18b build/default/debug/sources/main.o
 .debug_pubtypes
                0x0000029c       0x72 build/default/debug/sources/servomotor.o
 .debug_pubtypes
                0x0000030e       0x54 build/default/debug/sources/spi.o
 .debug_pubtypes
                0x00000362       0xd1 build/default/debug/sources/uart.o
 .debug_pubtypes
                0x00000433       0x29 build/default/debug/sources/utils.o
 .debug_pubtypes
                0x0000045c       0x5e build/default/debug/sources/flashmemory.o
 .debug_pubtypes
                0x000004ba       0x21 build/default/debug/sources/mag.o
 .debug_pubtypes
                0x000004db       0x44 build/default/debug/sources/gps.o
 .debug_pubtypes
                0x0000051f       0x4c build/default/debug/sources/move.o
 .debug_pubtypes
                0x0000056b       0x3f c:/program files (x86)/microchip/xc32/v1.34/bin/bin/../../lib/gcc/pic32mx/4.5.2\libgcc.a(_floatdisf.o)
 .debug_pubtypes
                0x000005aa       0x34 c:/program files (x86)/microchip/xc32/v1.34/bin/bin/../../lib/gcc/pic32mx/4.5.2\libgcc.a(floatunsisf.o)

.debug_ranges   0x00000000       0xf8
 *(.debug_ranges)
 .debug_ranges  0x00000000       0x10 c:/program files (x86)/microchip/xc32/v1.34/bin/bin/../../lib/gcc/pic32mx/4.5.2/../../../../pic32mx/lib\software-debug-break.o
 .debug_ranges  0x00000010       0x10 c:/program files (x86)/microchip/xc32/v1.34/bin/bin/../../lib/gcc/pic32mx/4.5.2/../../../../pic32mx/lib\libpic32.a(default-bootstrap-exception-handler.o)
 .debug_ranges  0x00000020       0x10 c:/program files (x86)/microchip/xc32/v1.34/bin/bin/../../lib/gcc/pic32mx/4.5.2/../../../../pic32mx/lib\libpic32.a(default-on-reset.o)
 .debug_ranges  0x00000030       0x10 c:/program files (x86)/microchip/xc32/v1.34/bin/bin/../../lib/gcc/pic32mx/4.5.2/../../../../pic32mx/lib\libpic32.a(default-on-bootstrap.o)
 .debug_ranges  0x00000040       0x10 c:/program files (x86)/microchip/xc32/v1.34/bin/bin/../../lib/gcc/pic32mx/4.5.2/../../../../pic32mx/lib\libpic32.a(default-general-exception-handler.o)
 .debug_ranges  0x00000050       0x10 c:/program files (x86)/microchip/xc32/v1.34/bin/bin/../../lib/gcc/pic32mx/4.5.2/../../../../pic32mx/lib\libpic32.a(defaultinterrupt.o)
 .debug_ranges  0x00000060       0x10 c:/program files (x86)/microchip/xc32/v1.34/bin/bin/../../lib/gcc/pic32mx/4.5.2/../../../../pic32mx/lib\libm.a(w_asinf.o)
 .debug_ranges  0x00000070       0x10 c:/program files (x86)/microchip/xc32/v1.34/bin/bin/../../lib/gcc/pic32mx/4.5.2/../../../../pic32mx/lib\libm.a(w_atan2f.o)
 .debug_ranges  0x00000080       0x10 c:/program files (x86)/microchip/xc32/v1.34/bin/bin/../../lib/gcc/pic32mx/4.5.2/../../../../pic32mx/lib\libm.a(w_sqrtf.o)
 .debug_ranges  0x00000090       0x68 c:/program files (x86)/microchip/xc32/v1.34/bin/bin/../../lib/gcc/pic32mx/4.5.2/../../../../pic32mx/lib\libm.a(support.o)

.gnu.attributes
                0x00000000       0x10
 *(.gnu.attributes)
 .gnu.attributes
                0x00000000       0x10 c:/program files (x86)/microchip/xc32/v1.34/bin/bin/../../lib/gcc/pic32mx/4.5.2/../../../../pic32mx/lib\software-debug-break.o
 .gnu.attributes
                0x00000010       0x10 build/default/debug/sources/communication.o
 .gnu.attributes
                0x00000020       0x10 build/default/debug/sources/configBits.o
 .gnu.attributes
                0x00000030       0x10 build/default/debug/sources/delay.o
 .gnu.attributes
                0x00000040       0x10 build/default/debug/sources/i2c.o
 .gnu.attributes
                0x00000050       0x10 build/default/debug/sources/lib.o
 .gnu.attributes
                0x00000060       0x10 build/default/debug/sources/main.o
 .gnu.attributes
                0x00000070       0x10 build/default/debug/sources/servomotor.o
 .gnu.attributes
                0x00000080       0x10 build/default/debug/sources/spi.o
 .gnu.attributes
                0x00000090       0x10 build/default/debug/sources/uart.o
 .gnu.attributes
                0x000000a0       0x10 build/default/debug/sources/utils.o
 .gnu.attributes
                0x000000b0       0x10 build/default/debug/sources/flashmemory.o
 .gnu.attributes
                0x000000c0       0x10 build/default/debug/sources/mag.o
 .gnu.attributes
                0x000000d0       0x10 build/default/debug/sources/gps.o
 .gnu.attributes
                0x000000e0       0x10 build/default/debug/sources/move.o
 .gnu.attributes
                0x000000f0       0x10 c:/program files (x86)/microchip/xc32/v1.34/bin/bin/../../lib/gcc/pic32mx/4.5.2\libgcc.a(_floatdisf.o)
 .gnu.attributes
                0x00000100       0x10 c:/program files (x86)/microchip/xc32/v1.34/bin/bin/../../lib/gcc/pic32mx/4.5.2\libgcc.a(floatunsisf.o)
 .gnu.attributes
                0x00000110       0x10 c:/program files (x86)/microchip/xc32/v1.34/bin/bin/../../lib/gcc/pic32mx/4.5.2/../../../../pic32mx/lib\libpic32.a(default-bootstrap-exception-handler.o)
 .gnu.attributes
                0x00000120       0x10 c:/program files (x86)/microchip/xc32/v1.34/bin/bin/../../lib/gcc/pic32mx/4.5.2/../../../../pic32mx/lib\libpic32.a(default-on-reset.o)
 .gnu.attributes
                0x00000130       0x10 c:/program files (x86)/microchip/xc32/v1.34/bin/bin/../../lib/gcc/pic32mx/4.5.2/../../../../pic32mx/lib\libpic32.a(default-on-bootstrap.o)
 .gnu.attributes
                0x00000140       0x10 c:/program files (x86)/microchip/xc32/v1.34/bin/bin/../../lib/gcc/pic32mx/4.5.2/../../../../pic32mx/lib\libpic32.a(default-general-exception-handler.o)
 .gnu.attributes
                0x00000150       0x10 c:/program files (x86)/microchip/xc32/v1.34/bin/bin/../../lib/gcc/pic32mx/4.5.2/../../../../pic32mx/lib\libpic32.a(defaultinterrupt.o)
 .gnu.attributes
                0x00000160       0x10 c:/program files (x86)/microchip/xc32/v1.34/bin/bin/../../lib/gcc/pic32mx/4.5.2/../../../../pic32mx/lib\libm.a(w_asinf.o)
 .gnu.attributes
                0x00000170       0x10 c:/program files (x86)/microchip/xc32/v1.34/bin/bin/../../lib/gcc/pic32mx/4.5.2/../../../../pic32mx/lib\libm.a(w_atan2f.o)
 .gnu.attributes
                0x00000180       0x10 c:/program files (x86)/microchip/xc32/v1.34/bin/bin/../../lib/gcc/pic32mx/4.5.2/../../../../pic32mx/lib\libm.a(w_sqrtf.o)
 .gnu.attributes
                0x00000190       0x10 c:/program files (x86)/microchip/xc32/v1.34/bin/bin/../../lib/gcc/pic32mx/4.5.2/../../../../pic32mx/lib\libm.a(support.o)
 .gnu.attributes
                0x000001a0       0x10 c:/program files (x86)/microchip/xc32/v1.34/bin/bin/../../lib/gcc/pic32mx/4.5.2/../../../../pic32mx/lib\libm.a(s_lib_ver.o)
 .gnu.attributes
                0x000001b0       0x10 c:/program files (x86)/microchip/xc32/v1.34/bin/bin/../../lib/gcc/pic32mx/4.5.2/../../../../pic32mx/lib\libc.a(errno.o)
LOAD c:/program files (x86)/microchip/xc32/v1.34/bin/bin/../../lib/gcc/pic32mx/4.5.2\libgcc.a
START GROUP
LOAD c:/program files (x86)/microchip/xc32/v1.34/bin/bin/../../lib/gcc/pic32mx/4.5.2/../../../../pic32mx/lib\libpic32.a
LOAD c:/program files (x86)/microchip/xc32/v1.34/bin/bin/../../lib/gcc/pic32mx/4.5.2/../../../../pic32mx/lib\libdebug.a
LOAD c:/program files (x86)/microchip/xc32/v1.34/bin/bin/../../lib/gcc/pic32mx/4.5.2/../../../../pic32mx/lib\libpic32.a
LOAD c:/program files (x86)/microchip/xc32/v1.34/bin/bin/../../lib/gcc/pic32mx/4.5.2/../../../../pic32mx/lib\libm.a
LOAD c:/program files (x86)/microchip/xc32/v1.34/bin/bin/../../lib/gcc/pic32mx/4.5.2/../../../../pic32mx/lib\libe.a
LOAD c:/program files (x86)/microchip/xc32/v1.34/bin/bin/../../lib/gcc/pic32mx/4.5.2/../../../../pic32mx/lib\libdsp.a
LOAD c:/program files (x86)/microchip/xc32/v1.34/bin/bin/../../lib/gcc/pic32mx/4.5.2\libgcc.a
LOAD c:/program files (x86)/microchip/xc32/v1.34/bin/bin/../../lib/gcc/pic32mx/4.5.2/../../../../pic32mx/lib\libc.a
LOAD c:/program files (x86)/microchip/xc32/v1.34/bin/bin/../../lib/gcc/pic32mx/4.5.2/../../../../pic32mx/lib\libpic32.a
END GROUP
LOAD c:/program files (x86)/microchip/xc32/v1.34/bin/bin/../../lib/gcc/pic32mx/4.5.2\libgcc.a
OUTPUT(dist/default/debug/compassIO.X.debug.elf elf32-tradlittlemips)
LOAD stack
LOAD data_init

.reginfo        0x00000000       0x18
 .reginfo       0x00000000       0x18 c:/program files (x86)/microchip/xc32/v1.34/bin/bin/../../lib/gcc/pic32mx/4.5.2/../../../../pic32mx/lib/./proc/32MX340F512H/crt0_mips32r2.o

.stack          0xa0000770      0x400
 .stack         0xa0000770      0x400 stack

.data           0xa000061c      0x124
 .data          0xa000061c      0x100 c:/program files (x86)/microchip/xc32/v1.34/bin/bin/../../lib/gcc/pic32mx/4.5.2/../../../../pic32mx/lib\libm.a(fpexatan.o)
 .data          0xa000071c       0x24 c:/program files (x86)/microchip/xc32/v1.34/bin/bin/../../lib/gcc/pic32mx/4.5.2/../../../../pic32mx/lib\libm.a(sincof32.o)
                0xa000071c                _sincof
                0xa000072c                _coscof

.data.math_errhandling_flag
                0xa0000740        0x4
 .data.math_errhandling_flag
                0xa0000740        0x4 c:/program files (x86)/microchip/xc32/v1.34/bin/bin/../../lib/gcc/pic32mx/4.5.2/../../../../pic32mx/lib\libm.a(s_lib_ver.o)
                0xa0000740                math_errhandling

.bss%z1         0x00000000        0x0
 .bss           0x00000000        0x0 c:/program files (x86)/microchip/xc32/v1.34/bin/bin/../../lib/gcc/pic32mx/4.5.2/../../../../pic32mx/lib\libc.a(errno.o)

.data%z2        0x00000000        0x0
 .data          0x00000000        0x0 c:/program files (x86)/microchip/xc32/v1.34/bin/bin/../../lib/gcc/pic32mx/4.5.2/../../../../pic32mx/lib\libc.a(errno.o)

.bss%z3         0x00000000        0x0
 .bss           0x00000000        0x0 c:/program files (x86)/microchip/xc32/v1.34/bin/bin/../../lib/gcc/pic32mx/4.5.2/../../../../pic32mx/lib\libm.a(s_lib_ver.o)

.data%z4        0x00000000        0x0
 .data          0x00000000        0x0 c:/program files (x86)/microchip/xc32/v1.34/bin/bin/../../lib/gcc/pic32mx/4.5.2/../../../../pic32mx/lib\libm.a(s_lib_ver.o)

.bss%z5         0x00000000        0x0
 .bss           0x00000000        0x0 c:/program files (x86)/microchip/xc32/v1.34/bin/bin/../../lib/gcc/pic32mx/4.5.2/../../../../pic32mx/lib\libm.a(litodp.o)

.data%z6        0x00000000        0x0
 .data          0x00000000        0x0 c:/program files (x86)/microchip/xc32/v1.34/bin/bin/../../lib/gcc/pic32mx/4.5.2/../../../../pic32mx/lib\libm.a(litodp.o)

.bss%z7         0x00000000        0x0
 .bss           0x00000000        0x0 c:/program files (x86)/microchip/xc32/v1.34/bin/bin/../../lib/gcc/pic32mx/4.5.2/../../../../pic32mx/lib\libm.a(fptodp.o)

.data%z8        0x00000000        0x0
 .data          0x00000000        0x0 c:/program files (x86)/microchip/xc32/v1.34/bin/bin/../../lib/gcc/pic32mx/4.5.2/../../../../pic32mx/lib\libm.a(fptodp.o)

.bss%z9         0x00000000        0x0
 .bss           0x00000000        0x0 c:/program files (x86)/microchip/xc32/v1.34/bin/bin/../../lib/gcc/pic32mx/4.5.2/../../../../pic32mx/lib\libm.a(fpsqrt32.o)

.data%z10       0x00000000        0x0
 .data          0x00000000        0x0 c:/program files (x86)/microchip/xc32/v1.34/bin/bin/../../lib/gcc/pic32mx/4.5.2/../../../../pic32mx/lib\libm.a(fpsqrt32.o)

.bss%z11        0x00000000        0x0
 .bss           0x00000000        0x0 c:/program files (x86)/microchip/xc32/v1.34/bin/bin/../../lib/gcc/pic32mx/4.5.2/../../../../pic32mx/lib\libm.a(fpexsqrt32.o)

.data%z12       0x00000000        0x0
 .data          0x00000000        0x0 c:/program files (x86)/microchip/xc32/v1.34/bin/bin/../../lib/gcc/pic32mx/4.5.2/../../../../pic32mx/lib\libm.a(fpexsqrt32.o)

.bss%z13        0x00000000        0x0
 .bss           0x00000000        0x0 c:/program files (x86)/microchip/xc32/v1.34/bin/bin/../../lib/gcc/pic32mx/4.5.2/../../../../pic32mx/lib\libm.a(fpfabs.o)

.data%z14       0x00000000        0x0
 .data          0x00000000        0x0 c:/program files (x86)/microchip/xc32/v1.34/bin/bin/../../lib/gcc/pic32mx/4.5.2/../../../../pic32mx/lib\libm.a(fpfabs.o)

.bss%z15        0x00000000        0x0
 .bss           0x00000000        0x0 c:/program files (x86)/microchip/xc32/v1.34/bin/bin/../../lib/gcc/pic32mx/4.5.2/../../../../pic32mx/lib\libm.a(fpexatan.o)

.bss%z16        0x00000000        0x0
 .bss           0x00000000        0x0 c:/program files (x86)/microchip/xc32/v1.34/bin/bin/../../lib/gcc/pic32mx/4.5.2/../../../../pic32mx/lib\libm.a(fpatan2.o)

.data%z17       0x00000000        0x0
 .data          0x00000000        0x0 c:/program files (x86)/microchip/xc32/v1.34/bin/bin/../../lib/gcc/pic32mx/4.5.2/../../../../pic32mx/lib\libm.a(fpatan2.o)

.bss%z18        0x00000000        0x0
 .bss           0x00000000        0x0 c:/program files (x86)/microchip/xc32/v1.34/bin/bin/../../lib/gcc/pic32mx/4.5.2/../../../../pic32mx/lib\libm.a(fpasin.o)

.data%z19       0x00000000        0x0
 .data          0x00000000        0x0 c:/program files (x86)/microchip/xc32/v1.34/bin/bin/../../lib/gcc/pic32mx/4.5.2/../../../../pic32mx/lib\libm.a(fpasin.o)

.bss%z20        0x00000000        0x0
 .bss           0x00000000        0x0 c:/program files (x86)/microchip/xc32/v1.34/bin/bin/../../lib/gcc/pic32mx/4.5.2/../../../../pic32mx/lib\libm.a(dptofp.o)

.data%z21       0x00000000        0x0
 .data          0x00000000        0x0 c:/program files (x86)/microchip/xc32/v1.34/bin/bin/../../lib/gcc/pic32mx/4.5.2/../../../../pic32mx/lib\libm.a(dptofp.o)

.bss%z22        0x00000000        0x0
 .bss           0x00000000        0x0 c:/program files (x86)/microchip/xc32/v1.34/bin/bin/../../lib/gcc/pic32mx/4.5.2/../../../../pic32mx/lib\libm.a(dpcmp.o)

.data%z23       0x00000000        0x0
 .data          0x00000000        0x0 c:/program files (x86)/microchip/xc32/v1.34/bin/bin/../../lib/gcc/pic32mx/4.5.2/../../../../pic32mx/lib\libm.a(dpcmp.o)

.bss%z24        0x00000000        0x0
 .bss           0x00000000        0x0 c:/program files (x86)/microchip/xc32/v1.34/bin/bin/../../lib/gcc/pic32mx/4.5.2/../../../../pic32mx/lib\libm.a(dp32subadd.o)

.data%z25       0x00000000        0x0
 .data          0x00000000        0x0 c:/program files (x86)/microchip/xc32/v1.34/bin/bin/../../lib/gcc/pic32mx/4.5.2/../../../../pic32mx/lib\libm.a(dp32subadd.o)

.bss%z26        0x00000000        0x0
 .bss           0x00000000        0x0 c:/program files (x86)/microchip/xc32/v1.34/bin/bin/../../lib/gcc/pic32mx/4.5.2/../../../../pic32mx/lib\libm.a(dp32mul.o)

.data%z27       0x00000000        0x0
 .data          0x00000000        0x0 c:/program files (x86)/microchip/xc32/v1.34/bin/bin/../../lib/gcc/pic32mx/4.5.2/../../../../pic32mx/lib\libm.a(dp32mul.o)

.bss%z28        0x00000000        0x0
 .bss           0x00000000        0x0 c:/program files (x86)/microchip/xc32/v1.34/bin/bin/../../lib/gcc/pic32mx/4.5.2/../../../../pic32mx/lib\libm.a(dp32div.o)

.data%z29       0x00000000        0x0
 .data          0x00000000        0x0 c:/program files (x86)/microchip/xc32/v1.34/bin/bin/../../lib/gcc/pic32mx/4.5.2/../../../../pic32mx/lib\libm.a(dp32div.o)

.bss%z30        0x00000000        0x0
 .bss           0x00000000        0x0 c:/program files (x86)/microchip/xc32/v1.34/bin/bin/../../lib/gcc/pic32mx/4.5.2/../../../../pic32mx/lib\libm.a(dpldexp.o)

.data%z31       0x00000000        0x0
 .data          0x00000000        0x0 c:/program files (x86)/microchip/xc32/v1.34/bin/bin/../../lib/gcc/pic32mx/4.5.2/../../../../pic32mx/lib\libm.a(dpldexp.o)

.bss%z32        0x00000000        0x0
 .bss           0x00000000        0x0 c:/program files (x86)/microchip/xc32/v1.34/bin/bin/../../lib/gcc/pic32mx/4.5.2/../../../../pic32mx/lib\libm.a(support.o)

.data%z33       0x00000000        0x0
 .data          0x00000000        0x0 c:/program files (x86)/microchip/xc32/v1.34/bin/bin/../../lib/gcc/pic32mx/4.5.2/../../../../pic32mx/lib\libm.a(support.o)

.bss%z34        0x00000000        0x0
 .bss           0x00000000        0x0 c:/program files (x86)/microchip/xc32/v1.34/bin/bin/../../lib/gcc/pic32mx/4.5.2/../../../../pic32mx/lib\libm.a(w_sqrtf.o)

.data%z35       0x00000000        0x0
 .data          0x00000000        0x0 c:/program files (x86)/microchip/xc32/v1.34/bin/bin/../../lib/gcc/pic32mx/4.5.2/../../../../pic32mx/lib\libm.a(w_sqrtf.o)

.bss%z36        0x00000000        0x0
 .bss           0x00000000        0x0 c:/program files (x86)/microchip/xc32/v1.34/bin/bin/../../lib/gcc/pic32mx/4.5.2/../../../../pic32mx/lib\libm.a(w_atan2f.o)

.data%z37       0x00000000        0x0
 .data          0x00000000        0x0 c:/program files (x86)/microchip/xc32/v1.34/bin/bin/../../lib/gcc/pic32mx/4.5.2/../../../../pic32mx/lib\libm.a(w_atan2f.o)

.bss%z38        0x00000000        0x0
 .bss           0x00000000        0x0 c:/program files (x86)/microchip/xc32/v1.34/bin/bin/../../lib/gcc/pic32mx/4.5.2/../../../../pic32mx/lib\libm.a(w_asinf.o)

.data%z39       0x00000000        0x0
 .data          0x00000000        0x0 c:/program files (x86)/microchip/xc32/v1.34/bin/bin/../../lib/gcc/pic32mx/4.5.2/../../../../pic32mx/lib\libm.a(w_asinf.o)

.bss%z40        0x00000000        0x0
 .bss           0x00000000        0x0 c:/program files (x86)/microchip/xc32/v1.34/bin/bin/../../lib/gcc/pic32mx/4.5.2/../../../../pic32mx/lib\libm.a(sitofp.o)

.data%z41       0x00000000        0x0
 .data          0x00000000        0x0 c:/program files (x86)/microchip/xc32/v1.34/bin/bin/../../lib/gcc/pic32mx/4.5.2/../../../../pic32mx/lib\libm.a(sitofp.o)

.bss%z42        0x00000000        0x0
 .bss           0x00000000        0x0 c:/program files (x86)/microchip/xc32/v1.34/bin/bin/../../lib/gcc/pic32mx/4.5.2/../../../../pic32mx/lib\libm.a(sincof32.o)

.bss%z43        0x00000000        0x0
 .bss           0x00000000        0x0 c:/program files (x86)/microchip/xc32/v1.34/bin/bin/../../lib/gcc/pic32mx/4.5.2/../../../../pic32mx/lib\libm.a(fptoul.o)

.data%z44       0x00000000        0x0
 .data          0x00000000        0x0 c:/program files (x86)/microchip/xc32/v1.34/bin/bin/../../lib/gcc/pic32mx/4.5.2/../../../../pic32mx/lib\libm.a(fptoul.o)

.bss%z45        0x00000000        0x0
 .bss           0x00000000        0x0 c:/program files (x86)/microchip/xc32/v1.34/bin/bin/../../lib/gcc/pic32mx/4.5.2/../../../../pic32mx/lib\libm.a(fptoli.o)

.data%z46       0x00000000        0x0
 .data          0x00000000        0x0 c:/program files (x86)/microchip/xc32/v1.34/bin/bin/../../lib/gcc/pic32mx/4.5.2/../../../../pic32mx/lib\libm.a(fptoli.o)

.bss%z47        0x00000000        0x0
 .bss           0x00000000        0x0 c:/program files (x86)/microchip/xc32/v1.34/bin/bin/../../lib/gcc/pic32mx/4.5.2/../../../../pic32mx/lib\libm.a(fpsin32.o)

.data%z48       0x00000000        0x0
 .data          0x00000000        0x0 c:/program files (x86)/microchip/xc32/v1.34/bin/bin/../../lib/gcc/pic32mx/4.5.2/../../../../pic32mx/lib\libm.a(fpsin32.o)

.bss%z49        0x00000000        0x0
 .bss           0x00000000        0x0 c:/program files (x86)/microchip/xc32/v1.34/bin/bin/../../lib/gcc/pic32mx/4.5.2/../../../../pic32mx/lib\libm.a(fpreduct32.o)

.data%z50       0x00000000        0x0
 .data          0x00000000        0x0 c:/program files (x86)/microchip/xc32/v1.34/bin/bin/../../lib/gcc/pic32mx/4.5.2/../../../../pic32mx/lib\libm.a(fpreduct32.o)

.bss%z51        0x00000000        0x0
 .bss           0x00000000        0x0 c:/program files (x86)/microchip/xc32/v1.34/bin/bin/../../lib/gcc/pic32mx/4.5.2/../../../../pic32mx/lib\libm.a(fpcos32.o)

.data%z52       0x00000000        0x0
 .data          0x00000000        0x0 c:/program files (x86)/microchip/xc32/v1.34/bin/bin/../../lib/gcc/pic32mx/4.5.2/../../../../pic32mx/lib\libm.a(fpcos32.o)

.bss%z53        0x00000000        0x0
 .bss           0x00000000        0x0 c:/program files (x86)/microchip/xc32/v1.34/bin/bin/../../lib/gcc/pic32mx/4.5.2/../../../../pic32mx/lib\libm.a(fpcmp.o)

.data%z54       0x00000000        0x0
 .data          0x00000000        0x0 c:/program files (x86)/microchip/xc32/v1.34/bin/bin/../../lib/gcc/pic32mx/4.5.2/../../../../pic32mx/lib\libm.a(fpcmp.o)

.bss%z55        0x00000000        0x0
 .bss           0x00000000        0x0 c:/program files (x86)/microchip/xc32/v1.34/bin/bin/../../lib/gcc/pic32mx/4.5.2/../../../../pic32mx/lib\libm.a(fp32subadd.o)

.data%z56       0x00000000        0x0
 .data          0x00000000        0x0 c:/program files (x86)/microchip/xc32/v1.34/bin/bin/../../lib/gcc/pic32mx/4.5.2/../../../../pic32mx/lib\libm.a(fp32subadd.o)

.bss%z57        0x00000000        0x0
 .bss           0x00000000        0x0 c:/program files (x86)/microchip/xc32/v1.34/bin/bin/../../lib/gcc/pic32mx/4.5.2/../../../../pic32mx/lib\libm.a(fp32mul.o)

.data%z58       0x00000000        0x0
 .data          0x00000000        0x0 c:/program files (x86)/microchip/xc32/v1.34/bin/bin/../../lib/gcc/pic32mx/4.5.2/../../../../pic32mx/lib\libm.a(fp32mul.o)

.bss%z59        0x00000000        0x0
 .bss           0x00000000        0x0 c:/program files (x86)/microchip/xc32/v1.34/bin/bin/../../lib/gcc/pic32mx/4.5.2/../../../../pic32mx/lib\libm.a(fp32div.o)

.data%z60       0x00000000        0x0
 .data          0x00000000        0x0 c:/program files (x86)/microchip/xc32/v1.34/bin/bin/../../lib/gcc/pic32mx/4.5.2/../../../../pic32mx/lib\libm.a(fp32div.o)

.bss%z61        0x00000000        0x0
 .bss           0x00000000        0x0 c:/program files (x86)/microchip/xc32/v1.34/bin/bin/../../lib/gcc/pic32mx/4.5.2/../../../../pic32mx/lib\libpic32.a(defaultinterrupt.o)

.data%z62       0x00000000        0x0
 .data          0x00000000        0x0 c:/program files (x86)/microchip/xc32/v1.34/bin/bin/../../lib/gcc/pic32mx/4.5.2/../../../../pic32mx/lib\libpic32.a(defaultinterrupt.o)

.bss%z63        0x00000000        0x0
 .bss           0x00000000        0x0 c:/program files (x86)/microchip/xc32/v1.34/bin/bin/../../lib/gcc/pic32mx/4.5.2/../../../../pic32mx/lib\libpic32.a(default-general-exception-handler.o)

.data%z64       0x00000000        0x0
 .data          0x00000000        0x0 c:/program files (x86)/microchip/xc32/v1.34/bin/bin/../../lib/gcc/pic32mx/4.5.2/../../../../pic32mx/lib\libpic32.a(default-general-exception-handler.o)

.bss%z65        0x00000000        0x0
 .bss           0x00000000        0x0 c:/program files (x86)/microchip/xc32/v1.34/bin/bin/../../lib/gcc/pic32mx/4.5.2/../../../../pic32mx/lib\libpic32.a(vector44.o)

.data%z66       0x00000000        0x0
 .data          0x00000000        0x0 c:/program files (x86)/microchip/xc32/v1.34/bin/bin/../../lib/gcc/pic32mx/4.5.2/../../../../pic32mx/lib\libpic32.a(vector44.o)

.bss%z67        0x00000000        0x0
 .bss           0x00000000        0x0 c:/program files (x86)/microchip/xc32/v1.34/bin/bin/../../lib/gcc/pic32mx/4.5.2/../../../../pic32mx/lib\libpic32.a(vector43.o)

.data%z68       0x00000000        0x0
 .data          0x00000000        0x0 c:/program files (x86)/microchip/xc32/v1.34/bin/bin/../../lib/gcc/pic32mx/4.5.2/../../../../pic32mx/lib\libpic32.a(vector43.o)

.bss%z69        0x00000000        0x0
 .bss           0x00000000        0x0 c:/program files (x86)/microchip/xc32/v1.34/bin/bin/../../lib/gcc/pic32mx/4.5.2/../../../../pic32mx/lib\libpic32.a(vector42.o)
